OMNeT++ Discrete Event Simulation  (C) 1992-2025 Andras Varga, OpenSim Ltd.
Version: 6.3.0, build: 251110-bb3d6a4731, edition: Academic Public License -- NOT FOR COMMERCIAL USE
See the license for distribution terms and warranty disclaimer

Setting up Cmdenv...

Loading NED files from ../src:  2

Preparing for running configuration Baseline, run #0...
Assigned runID=Baseline-0-20260929-11:09:56-67
Setting up network "dect2020scheduledaccess.DectScheduledAccessNetwork"...
Initializing...

Running simulation...
** Event #0   t=0   Elapsed: 9e-06s (0m 00s)
     Speed:     ev/sec=0   simsec/sec=0   ev/simsec=0
     Messages:  created: 2   present: 2   in FES: 2
** Event #3032173   t=6005.695946721206   Elapsed: 0.310491s (0m 00s)
     Speed:     ev/sec=9.76608e+06   simsec/sec=19343.3   ev/simsec=504.883
     Messages:  created: 2   present: 2   in FES: 1

<!> Simulation stopped with endSimulation() -- in module (ScheduledAccessQueue) DectScheduledAccessNetwork.queue (id=2), at t=6005.695946721206s, event #3032173

Calling finish() at end of Run #0...

Preparing for running configuration Baseline, run #1...
Assigned runID=Baseline-1-20260929-11:09:56-67
Setting up network "dect2020scheduledaccess.DectScheduledAccessNetwork"...
Initializing...

Running simulation...
** Event #0   t=0   Elapsed: 2.2e-05s (0m 00s)
     Speed:     ev/sec=0   simsec/sec=0   ev/simsec=0
     Messages:  created: 2   present: 2   in FES: 2
** Event #3032049   t=6003.234001013533   Elapsed: 0.29517s (0m 00s)
     Speed:     ev/sec=1.02731e+07   simsec/sec=20339.9   ev/simsec=505.069
     Messages:  created: 2   present: 2   in FES: 1

<!> Simulation stopped with endSimulation() -- in module (ScheduledAccessQueue) DectScheduledAccessNetwork.queue (id=2), at t=6003.234001013533s, event #3032049

Calling finish() at end of Run #1...

Preparing for running configuration Baseline, run #2...
Assigned runID=Baseline-2-20260929-11:09:57-67
Setting up network "dect2020scheduledaccess.DectScheduledAccessNetwork"...
Initializing...

Running simulation...
** Event #0   t=0   Elapsed: 2.6e-05s (0m 00s)
     Speed:     ev/sec=0   simsec/sec=0   ev/simsec=0
     Messages:  created: 2   present: 2   in FES: 2
** Event #3032255   t=5997.946392592003   Elapsed: 0.297229s (0m 00s)
     Speed:     ev/sec=1.02028e+07   simsec/sec=20181.6   ev/simsec=505.549
     Messages:  created: 2   present: 2   in FES: 1

<!> Simulation stopped with endSimulation() -- in module (ScheduledAccessQueue) DectScheduledAccessNetwork.queue (id=2), at t=5997.946392592003s, event #3032255

Calling finish() at end of Run #2...

Preparing for running configuration Baseline, run #3...
Assigned runID=Baseline-3-20260929-11:09:57-67
Setting up network "dect2020scheduledaccess.DectScheduledAccessNetwork"...
Initializing...

Running simulation...
** Event #0   t=0   Elapsed: 3e-06s (0m 00s)
     Speed:     ev/sec=0   simsec/sec=0   ev/simsec=0
     Messages:  created: 2   present: 2   in FES: 2
** Event #3031929   t=6004.783041580777   Elapsed: 0.296158s (0m 00s)
     Speed:     ev/sec=1.02378e+07   simsec/sec=20276.1   ev/simsec=504.919
     Messages:  created: 2   present: 2   in FES: 1

<!> Simulation stopped with endSimulation() -- in module (ScheduledAccessQueue) DectScheduledAccessNetwork.queue (id=2), at t=6004.783041580777s, event #3031929

Calling finish() at end of Run #3...

Preparing for running configuration Baseline, run #4...
Assigned runID=Baseline-4-20260929-11:09:57-67
Setting up network "dect2020scheduledaccess.DectScheduledAccessNetwork"...
Initializing...

Running simulation...
** Event #0   t=0   Elapsed: 3e-06s (0m 00s)
     Speed:     ev/sec=0   simsec/sec=0   ev/simsec=0
     Messages:  created: 2   present: 2   in FES: 2
** Event #3031316   t=6006.648462853899   Elapsed: 0.310825s (0m 00s)
     Speed:     ev/sec=9.7527e+06   simsec/sec=19325.3   ev/simsec=504.66
     Messages:  created: 2   present: 2   in FES: 1

<!> Simulation stopped with endSimulation() -- in module (ScheduledAccessQueue) DectScheduledAccessNetwork.queue (id=2), at t=6006.648462853899s, event #3031316

Calling finish() at end of Run #4...

Preparing for running configuration Baseline, run #5...
Assigned runID=Baseline-5-20260929-11:09:57-67
Setting up network "dect2020scheduledaccess.DectScheduledAccessNetwork"...
Initializing...

Running simulation...
** Event #0   t=0   Elapsed: 2.7e-05s (0m 00s)
     Speed:     ev/sec=0   simsec/sec=0   ev/simsec=0
     Messages:  created: 2   present: 2   in FES: 2
** Event #3031221   t=6001.963903738733   Elapsed: 0.297385s (0m 00s)
     Speed:     ev/sec=1.0194e+07   simsec/sec=20184.6   ev/simsec=505.038
     Messages:  created: 2   present: 2   in FES: 1

<!> Simulation stopped with endSimulation() -- in module (ScheduledAccessQueue) DectScheduledAccessNetwork.queue (id=2), at t=6001.963903738733s, event #3031221

Calling finish() at end of Run #5...

Preparing for running configuration Baseline, run #6...
Assigned runID=Baseline-6-20260929-11:09:58-67
Setting up network "dect2020scheduledaccess.DectScheduledAccessNetwork"...
Initializing...

Running simulation...
** Event #0   t=0   Elapsed: 3e-06s (0m 00s)
     Speed:     ev/sec=0   simsec/sec=0   ev/simsec=0
     Messages:  created: 2   present: 2   in FES: 2
** Event #3031706   t=6002.190034143548   Elapsed: 0.296205s (0m 00s)
     Speed:     ev/sec=1.02354e+07   simsec/sec=20264.1   ev/simsec=505.1
     Messages:  created: 2   present: 2   in FES: 1

<!> Simulation stopped with endSimulation() -- in module (ScheduledAccessQueue) DectScheduledAccessNetwork.queue (id=2), at t=6002.190034143548s, event #3031706

Calling finish() at end of Run #6...

Preparing for running configuration Baseline, run #7...
Assigned runID=Baseline-7-20260929-11:09:58-67
Setting up network "dect2020scheduledaccess.DectScheduledAccessNetwork"...
Initializing...

Running simulation...
** Event #0   t=0   Elapsed: 2.3e-05s (0m 00s)
     Speed:     ev/sec=0   simsec/sec=0   ev/simsec=0
     Messages:  created: 2   present: 2   in FES: 2
** Event #3032052   t=6003.719034539854   Elapsed: 0.296804s (0m 00s)
     Speed:     ev/sec=1.02166e+07   simsec/sec=20229.7   ev/simsec=505.029
     Messages:  created: 2   present: 2   in FES: 1

<!> Simulation stopped with endSimulation() -- in module (ScheduledAccessQueue) DectScheduledAccessNetwork.queue (id=2), at t=6003.719034539854s, event #3032052

Calling finish() at end of Run #7...

Preparing for running configuration Baseline, run #8...
Assigned runID=Baseline-8-20260929-11:09:58-67
Setting up network "dect2020scheduledaccess.DectScheduledAccessNetwork"...
Initializing...

Running simulation...
** Event #0   t=0   Elapsed: 2.9e-05s (0m 00s)
     Speed:     ev/sec=0   simsec/sec=0   ev/simsec=0
     Messages:  created: 2   present: 2   in FES: 2
** Event #3031718   t=6000.08547820372   Elapsed: 0.296539s (0m 00s)
     Speed:     ev/sec=1.02248e+07   simsec/sec=20235.9   ev/simsec=505.279
     Messages:  created: 2   present: 2   in FES: 1

<!> Simulation stopped with endSimulation() -- in module (ScheduledAccessQueue) DectScheduledAccessNetwork.queue (id=2), at t=6000.08547820372s, event #3031718

Calling finish() at end of Run #8...

Preparing for running configuration Baseline, run #9...
Assigned runID=Baseline-9-20260929-11:09:59-67
Setting up network "dect2020scheduledaccess.DectScheduledAccessNetwork"...
Initializing...

Running simulation...
** Event #0   t=0   Elapsed: 4.9e-05s (0m 00s)
     Speed:     ev/sec=0   simsec/sec=0   ev/simsec=0
     Messages:  created: 2   present: 2   in FES: 2
** Event #3031480   t=6002.676594753665   Elapsed: 0.294898s (0m 00s)
     Speed:     ev/sec=1.02816e+07   simsec/sec=20358.8   ev/simsec=505.021
     Messages:  created: 2   present: 2   in FES: 1

<!> Simulation stopped with endSimulation() -- in module (ScheduledAccessQueue) DectScheduledAccessNetwork.queue (id=2), at t=6002.676594753665s, event #3031480

Calling finish() at end of Run #9...

Run statistics: total 10, successful 10

End.
