OMNeT++ Discrete Event Simulation  (C) 1992-2025 Andras Varga, OpenSim Ltd.
Version: 6.3.0, build: 251110-bb3d6a4731, edition: Academic Public License -- NOT FOR COMMERCIAL USE
See the license for distribution terms and warranty disclaimer

Setting up Cmdenv...

Loading NED files from ../src:  2

Preparing for running configuration Phase5_Tail, run #0...
Scenario: $rho=0.042372881356, $repetition=0
Assigned runID=Phase5_Tail-0-20261001-21:25:07-68
Setting up network "dect2020scheduledaccess.DectScheduledAccessNetwork"...
Initializing...

Running simulation...
** Event #0   t=0   Elapsed: 2.6e-05s (0m 00s)
     Speed:     ev/sec=0   simsec/sec=0   ev/simsec=0
     Messages:  created: 2   present: 2   in FES: 2
** Event #3654115   t=11788.170524157443   Elapsed: 0.287418s (0m 00s)
     Speed:     ev/sec=1.27149e+07   simsec/sec=41018.2   ev/simsec=309.982
     Messages:  created: 2   present: 2   in FES: 1

<!> Simulation stopped with endSimulation() -- in module (ScheduledAccessQueue) DectScheduledAccessNetwork.queue (id=2), at t=11788.170524157443s, event #3654115

Calling finish() at end of Run #0...

Preparing for running configuration Phase5_Tail, run #1...
Scenario: $rho=0.042372881356, $repetition=1
Assigned runID=Phase5_Tail-1-20261001-21:25:07-68
Setting up network "dect2020scheduledaccess.DectScheduledAccessNetwork"...
Initializing...

Running simulation...
** Event #0   t=0   Elapsed: 2.1e-05s (0m 00s)
     Speed:     ev/sec=0   simsec/sec=0   ev/simsec=0
     Messages:  created: 2   present: 2   in FES: 2
** Event #3656583   t=11809.350721635843   Elapsed: 0.285268s (0m 00s)
     Speed:     ev/sec=1.28192e+07   simsec/sec=41401   ev/simsec=309.635
     Messages:  created: 2   present: 2   in FES: 1

<!> Simulation stopped with endSimulation() -- in module (ScheduledAccessQueue) DectScheduledAccessNetwork.queue (id=2), at t=11809.350721635843s, event #3656583

Calling finish() at end of Run #1...

Preparing for running configuration Phase5_Tail, run #2...
Scenario: $rho=0.042372881356, $repetition=2
Assigned runID=Phase5_Tail-2-20261001-21:25:08-68
Setting up network "dect2020scheduledaccess.DectScheduledAccessNetwork"...
Initializing...

Running simulation...
** Event #0   t=0   Elapsed: 2.2e-05s (0m 00s)
     Speed:     ev/sec=0   simsec/sec=0   ev/simsec=0
     Messages:  created: 2   present: 2   in FES: 2
** Event #3653645   t=11782.898302122625   Elapsed: 0.285196s (0m 00s)
     Speed:     ev/sec=1.28122e+07   simsec/sec=41318.9   ev/simsec=310.08
     Messages:  created: 2   present: 2   in FES: 1

<!> Simulation stopped with endSimulation() -- in module (ScheduledAccessQueue) DectScheduledAccessNetwork.queue (id=2), at t=11782.898302122625s, event #3653645

Calling finish() at end of Run #2...

Preparing for running configuration Phase5_Tail, run #3...
Scenario: $rho=0.042372881356, $repetition=3
Assigned runID=Phase5_Tail-3-20261001-21:25:08-68
Setting up network "dect2020scheduledaccess.DectScheduledAccessNetwork"...
Initializing...

Running simulation...
** Event #0   t=0   Elapsed: 2.3e-05s (0m 00s)
     Speed:     ev/sec=0   simsec/sec=0   ev/simsec=0
     Messages:  created: 2   present: 2   in FES: 2
** Event #3655593   t=11801.207243390101   Elapsed: 0.287744s (0m 00s)
     Speed:     ev/sec=1.27055e+07   simsec/sec=41016.7   ev/simsec=309.764
     Messages:  created: 2   present: 2   in FES: 1

<!> Simulation stopped with endSimulation() -- in module (ScheduledAccessQueue) DectScheduledAccessNetwork.queue (id=2), at t=11801.207243390101s, event #3655593

Calling finish() at end of Run #3...

Preparing for running configuration Phase5_Tail, run #4...
Scenario: $rho=0.042372881356, $repetition=4
Assigned runID=Phase5_Tail-4-20261001-21:25:08-68
Setting up network "dect2020scheduledaccess.DectScheduledAccessNetwork"...
Initializing...

Running simulation...
** Event #0   t=0   Elapsed: 6e-06s (0m 00s)
     Speed:     ev/sec=0   simsec/sec=0   ev/simsec=0
     Messages:  created: 2   present: 2   in FES: 2
** Event #3656771   t=11810.759531731203   Elapsed: 0.290671s (0m 00s)
     Speed:     ev/sec=1.25809e+07   simsec/sec=40634.1   ev/simsec=309.614
     Messages:  created: 2   present: 2   in FES: 1

<!> Simulation stopped with endSimulation() -- in module (ScheduledAccessQueue) DectScheduledAccessNetwork.queue (id=2), at t=11810.759531731203s, event #3656771

Calling finish() at end of Run #4...

Preparing for running configuration Phase5_Tail, run #5...
Scenario: $rho=0.042372881356, $repetition=5
Assigned runID=Phase5_Tail-5-20261001-21:25:09-68
Setting up network "dect2020scheduledaccess.DectScheduledAccessNetwork"...
Initializing...

Running simulation...
** Event #0   t=0   Elapsed: 2.1e-05s (0m 00s)
     Speed:     ev/sec=0   simsec/sec=0   ev/simsec=0
     Messages:  created: 2   present: 2   in FES: 2
** Event #3657952   t=11821.246916943406   Elapsed: 0.285142s (0m 00s)
     Speed:     ev/sec=1.28297e+07   simsec/sec=41461   ev/simsec=309.439
     Messages:  created: 2   present: 2   in FES: 1

<!> Simulation stopped with endSimulation() -- in module (ScheduledAccessQueue) DectScheduledAccessNetwork.queue (id=2), at t=11821.246916943406s, event #3657952

Calling finish() at end of Run #5...

Preparing for running configuration Phase5_Tail, run #6...
Scenario: $rho=0.042372881356, $repetition=6
Assigned runID=Phase5_Tail-6-20261001-21:25:09-68
Setting up network "dect2020scheduledaccess.DectScheduledAccessNetwork"...
Initializing...

Running simulation...
** Event #0   t=0   Elapsed: 2e-05s (0m 00s)
     Speed:     ev/sec=0   simsec/sec=0   ev/simsec=0
     Messages:  created: 2   present: 2   in FES: 2
** Event #3656972   t=11812.077358449827   Elapsed: 0.285909s (0m 00s)
     Speed:     ev/sec=1.27917e+07   simsec/sec=41317.4   ev/simsec=309.596
     Messages:  created: 2   present: 2   in FES: 1

<!> Simulation stopped with endSimulation() -- in module (ScheduledAccessQueue) DectScheduledAccessNetwork.queue (id=2), at t=11812.077358449827s, event #3656972

Calling finish() at end of Run #6...

Preparing for running configuration Phase5_Tail, run #7...
Scenario: $rho=0.042372881356, $repetition=7
Assigned runID=Phase5_Tail-7-20261001-21:25:09-68
Setting up network "dect2020scheduledaccess.DectScheduledAccessNetwork"...
Initializing...

Running simulation...
** Event #0   t=0   Elapsed: 4.7e-05s (0m 00s)
     Speed:     ev/sec=0   simsec/sec=0   ev/simsec=0
     Messages:  created: 2   present: 2   in FES: 2
** Event #3656637   t=11809.202069726818   Elapsed: 0.301304s (0m 00s)
     Speed:     ev/sec=1.21381e+07   simsec/sec=39200.3   ev/simsec=309.643
     Messages:  created: 2   present: 2   in FES: 1

<!> Simulation stopped with endSimulation() -- in module (ScheduledAccessQueue) DectScheduledAccessNetwork.queue (id=2), at t=11809.202069726818s, event #3656637

Calling finish() at end of Run #7...

Preparing for running configuration Phase5_Tail, run #8...
Scenario: $rho=0.042372881356, $repetition=8
Assigned runID=Phase5_Tail-8-20261001-21:25:10-68
Setting up network "dect2020scheduledaccess.DectScheduledAccessNetwork"...
Initializing...

Running simulation...
** Event #0   t=0   Elapsed: 2.2e-05s (0m 00s)
     Speed:     ev/sec=0   simsec/sec=0   ev/simsec=0
     Messages:  created: 2   present: 2   in FES: 2
** Event #3655470   t=11798.661350618048   Elapsed: 0.287275s (0m 00s)
     Speed:     ev/sec=1.27259e+07   simsec/sec=41075   ev/simsec=309.821
     Messages:  created: 2   present: 2   in FES: 1

<!> Simulation stopped with endSimulation() -- in module (ScheduledAccessQueue) DectScheduledAccessNetwork.queue (id=2), at t=11798.661350618048s, event #3655470

Calling finish() at end of Run #8...

Preparing for running configuration Phase5_Tail, run #9...
Scenario: $rho=0.042372881356, $repetition=9
Assigned runID=Phase5_Tail-9-20261001-21:25:10-68
Setting up network "dect2020scheduledaccess.DectScheduledAccessNetwork"...
Initializing...

Running simulation...
** Event #0   t=0   Elapsed: 5e-06s (0m 00s)
     Speed:     ev/sec=0   simsec/sec=0   ev/simsec=0
     Messages:  created: 2   present: 2   in FES: 2
** Event #3656264   t=11806.21658951618   Elapsed: 0.284396s (0m 00s)
     Speed:     ev/sec=1.28567e+07   simsec/sec=41514.8   ev/simsec=309.69
     Messages:  created: 2   present: 2   in FES: 1

<!> Simulation stopped with endSimulation() -- in module (ScheduledAccessQueue) DectScheduledAccessNetwork.queue (id=2), at t=11806.21658951618s, event #3656264

Calling finish() at end of Run #9...

Preparing for running configuration Phase5_Tail, run #10...
Scenario: $rho=0.059322033898, $repetition=0
Assigned runID=Phase5_Tail-10-20261001-21:25:10-68
Setting up network "dect2020scheduledaccess.DectScheduledAccessNetwork"...
Initializing...

Running simulation...
** Event #0   t=0   Elapsed: 5e-06s (0m 00s)
     Speed:     ev/sec=0   simsec/sec=0   ev/simsec=0
     Messages:  created: 2   present: 2   in FES: 2
** Event #3280101   t=8421.872931471523   Elapsed: 0.262962s (0m 00s)
     Speed:     ev/sec=1.24741e+07   simsec/sec=32028.2   ev/simsec=389.474
     Messages:  created: 2   present: 2   in FES: 1

<!> Simulation stopped with endSimulation() -- in module (ScheduledAccessQueue) DectScheduledAccessNetwork.queue (id=2), at t=8421.872931471523s, event #3280101

Calling finish() at end of Run #10...

Preparing for running configuration Phase5_Tail, run #11...
Scenario: $rho=0.059322033898, $repetition=1
Assigned runID=Phase5_Tail-11-20261001-21:25:11-68
Setting up network "dect2020scheduledaccess.DectScheduledAccessNetwork"...
Initializing...

Running simulation...
** Event #0   t=0   Elapsed: 6e-06s (0m 00s)
     Speed:     ev/sec=0   simsec/sec=0   ev/simsec=0
     Messages:  created: 2   present: 2   in FES: 2
** Event #3281021   t=8429.618049596021   Elapsed: 0.261323s (0m 00s)
     Speed:     ev/sec=1.2556e+07   simsec/sec=32258.8   ev/simsec=389.225
     Messages:  created: 2   present: 2   in FES: 1

<!> Simulation stopped with endSimulation() -- in module (ScheduledAccessQueue) DectScheduledAccessNetwork.queue (id=2), at t=8429.618049596021s, event #3281021

Calling finish() at end of Run #11...

Preparing for running configuration Phase5_Tail, run #12...
Scenario: $rho=0.059322033898, $repetition=2
Assigned runID=Phase5_Tail-12-20261001-21:25:11-68
Setting up network "dect2020scheduledaccess.DectScheduledAccessNetwork"...
Initializing...

Running simulation...
** Event #0   t=0   Elapsed: 6e-06s (0m 00s)
     Speed:     ev/sec=0   simsec/sec=0   ev/simsec=0
     Messages:  created: 2   present: 2   in FES: 2
** Event #3280839   t=8426.979388128893   Elapsed: 0.261519s (0m 00s)
     Speed:     ev/sec=1.25458e+07   simsec/sec=32224.4   ev/simsec=389.326
     Messages:  created: 2   present: 2   in FES: 1

<!> Simulation stopped with endSimulation() -- in module (ScheduledAccessQueue) DectScheduledAccessNetwork.queue (id=2), at t=8426.979388128893s, event #3280839

Calling finish() at end of Run #12...

Preparing for running configuration Phase5_Tail, run #13...
Scenario: $rho=0.059322033898, $repetition=3
Assigned runID=Phase5_Tail-13-20261001-21:25:12-68
Setting up network "dect2020scheduledaccess.DectScheduledAccessNetwork"...
Initializing...

Running simulation...
** Event #0   t=0   Elapsed: 6e-06s (0m 00s)
     Speed:     ev/sec=0   simsec/sec=0   ev/simsec=0
     Messages:  created: 2   present: 2   in FES: 2
** Event #3282716   t=8444.409126925604   Elapsed: 0.262883s (0m 00s)
     Speed:     ev/sec=1.24878e+07   simsec/sec=32123.5   ev/simsec=388.744
     Messages:  created: 2   present: 2   in FES: 1

<!> Simulation stopped with endSimulation() -- in module (ScheduledAccessQueue) DectScheduledAccessNetwork.queue (id=2), at t=8444.409126925604s, event #3282716

Calling finish() at end of Run #13...

Preparing for running configuration Phase5_Tail, run #14...
Scenario: $rho=0.059322033898, $repetition=4
Assigned runID=Phase5_Tail-14-20261001-21:25:12-68
Setting up network "dect2020scheduledaccess.DectScheduledAccessNetwork"...
Initializing...

Running simulation...
** Event #0   t=0   Elapsed: 5e-06s (0m 00s)
     Speed:     ev/sec=0   simsec/sec=0   ev/simsec=0
     Messages:  created: 2   present: 2   in FES: 2
** Event #3280199   t=8422.358548576928   Elapsed: 0.261875s (0m 00s)
     Speed:     ev/sec=1.25263e+07   simsec/sec=32163   ev/simsec=389.463
     Messages:  created: 2   present: 2   in FES: 1

<!> Simulation stopped with endSimulation() -- in module (ScheduledAccessQueue) DectScheduledAccessNetwork.queue (id=2), at t=8422.358548576928s, event #3280199

Calling finish() at end of Run #14...

Preparing for running configuration Phase5_Tail, run #15...
Scenario: $rho=0.059322033898, $repetition=5
Assigned runID=Phase5_Tail-15-20261001-21:25:12-68
Setting up network "dect2020scheduledaccess.DectScheduledAccessNetwork"...
Initializing...

Running simulation...
** Event #0   t=0   Elapsed: 1.6e-05s (0m 00s)
     Speed:     ev/sec=0   simsec/sec=0   ev/simsec=0
     Messages:  created: 2   present: 2   in FES: 2
** Event #3281983   t=8437.83261360175   Elapsed: 0.26181s (0m 00s)
     Speed:     ev/sec=1.25367e+07   simsec/sec=32231.4   ev/simsec=388.96
     Messages:  created: 2   present: 2   in FES: 1

<!> Simulation stopped with endSimulation() -- in module (ScheduledAccessQueue) DectScheduledAccessNetwork.queue (id=2), at t=8437.83261360175s, event #3281983

Calling finish() at end of Run #15...

Preparing for running configuration Phase5_Tail, run #16...
Scenario: $rho=0.059322033898, $repetition=6
Assigned runID=Phase5_Tail-16-20261001-21:25:13-68
Setting up network "dect2020scheduledaccess.DectScheduledAccessNetwork"...
Initializing...

Running simulation...
** Event #0   t=0   Elapsed: 2.2e-05s (0m 00s)
     Speed:     ev/sec=0   simsec/sec=0   ev/simsec=0
     Messages:  created: 2   present: 2   in FES: 2
** Event #3281272   t=8431.152768512117   Elapsed: 0.264004s (0m 00s)
     Speed:     ev/sec=1.24301e+07   simsec/sec=31939   ev/simsec=389.184
     Messages:  created: 2   present: 2   in FES: 1

<!> Simulation stopped with endSimulation() -- in module (ScheduledAccessQueue) DectScheduledAccessNetwork.queue (id=2), at t=8431.152768512117s, event #3281272

Calling finish() at end of Run #16...

Preparing for running configuration Phase5_Tail, run #17...
Scenario: $rho=0.059322033898, $repetition=7
Assigned runID=Phase5_Tail-17-20261001-21:25:13-68
Setting up network "dect2020scheduledaccess.DectScheduledAccessNetwork"...
Initializing...

Running simulation...
** Event #0   t=0   Elapsed: 6e-06s (0m 00s)
     Speed:     ev/sec=0   simsec/sec=0   ev/simsec=0
     Messages:  created: 2   present: 2   in FES: 2
** Event #3281226   t=8430.794488497586   Elapsed: 0.262409s (0m 00s)
     Speed:     ev/sec=1.25047e+07   simsec/sec=32129.7   ev/simsec=389.195
     Messages:  created: 2   present: 2   in FES: 1

<!> Simulation stopped with endSimulation() -- in module (ScheduledAccessQueue) DectScheduledAccessNetwork.queue (id=2), at t=8430.794488497586s, event #3281226

Calling finish() at end of Run #17...

Preparing for running configuration Phase5_Tail, run #18...
Scenario: $rho=0.059322033898, $repetition=8
Assigned runID=Phase5_Tail-18-20261001-21:25:13-68
Setting up network "dect2020scheduledaccess.DectScheduledAccessNetwork"...
Initializing...

Running simulation...
** Event #0   t=0   Elapsed: 6e-06s (0m 00s)
     Speed:     ev/sec=0   simsec/sec=0   ev/simsec=0
     Messages:  created: 2   present: 2   in FES: 2
** Event #3281792   t=8435.114516867704   Elapsed: 0.261857s (0m 00s)
     Speed:     ev/sec=1.25333e+07   simsec/sec=32214   ev/simsec=389.063
     Messages:  created: 2   present: 2   in FES: 1

<!> Simulation stopped with endSimulation() -- in module (ScheduledAccessQueue) DectScheduledAccessNetwork.queue (id=2), at t=8435.114516867704s, event #3281792

Calling finish() at end of Run #18...

Preparing for running configuration Phase5_Tail, run #19...
Scenario: $rho=0.059322033898, $repetition=9
Assigned runID=Phase5_Tail-19-20261001-21:25:14-68
Setting up network "dect2020scheduledaccess.DectScheduledAccessNetwork"...
Initializing...

Running simulation...
** Event #0   t=0   Elapsed: 5e-06s (0m 00s)
     Speed:     ev/sec=0   simsec/sec=0   ev/simsec=0
     Messages:  created: 2   present: 2   in FES: 2
** Event #3281848   t=8436.255609413526   Elapsed: 0.262417s (0m 00s)
     Speed:     ev/sec=1.25067e+07   simsec/sec=32149.4   ev/simsec=389.017
     Messages:  created: 2   present: 2   in FES: 1

<!> Simulation stopped with endSimulation() -- in module (ScheduledAccessQueue) DectScheduledAccessNetwork.queue (id=2), at t=8436.255609413526s, event #3281848

Calling finish() at end of Run #19...

Preparing for running configuration Phase5_Tail, run #20...
Scenario: $rho=0.067796610169, $repetition=0
Assigned runID=Phase5_Tail-20-20261001-21:25:14-68
Setting up network "dect2020scheduledaccess.DectScheduledAccessNetwork"...
Initializing...

Running simulation...
** Event #0   t=0   Elapsed: 2.3e-05s (0m 00s)
     Speed:     ev/sec=0   simsec/sec=0   ev/simsec=0
     Messages:  created: 2   present: 2   in FES: 2
** Event #3163761   t=7374.475853302338   Elapsed: 0.255029s (0m 00s)
     Speed:     ev/sec=1.24069e+07   simsec/sec=28919.4   ev/simsec=429.015
     Messages:  created: 2   present: 2   in FES: 1

<!> Simulation stopped with endSimulation() -- in module (ScheduledAccessQueue) DectScheduledAccessNetwork.queue (id=2), at t=7374.475853302338s, event #3163761

Calling finish() at end of Run #20...

Preparing for running configuration Phase5_Tail, run #21...
Scenario: $rho=0.067796610169, $repetition=1
Assigned runID=Phase5_Tail-21-20261001-21:25:14-68
Setting up network "dect2020scheduledaccess.DectScheduledAccessNetwork"...
Initializing...

Running simulation...
** Event #0   t=0   Elapsed: 2.5e-05s (0m 00s)
     Speed:     ev/sec=0   simsec/sec=0   ev/simsec=0
     Messages:  created: 2   present: 2   in FES: 2
** Event #3163721   t=7373.987915887209   Elapsed: 0.254636s (0m 00s)
     Speed:     ev/sec=1.24259e+07   simsec/sec=28962.3   ev/simsec=429.038
     Messages:  created: 2   present: 2   in FES: 1

<!> Simulation stopped with endSimulation() -- in module (ScheduledAccessQueue) DectScheduledAccessNetwork.queue (id=2), at t=7373.987915887209s, event #3163721

Calling finish() at end of Run #21...

Preparing for running configuration Phase5_Tail, run #22...
Scenario: $rho=0.067796610169, $repetition=2
Assigned runID=Phase5_Tail-22-20261001-21:25:15-68
Setting up network "dect2020scheduledaccess.DectScheduledAccessNetwork"...
Initializing...

Running simulation...
** Event #0   t=0   Elapsed: 2.2e-05s (0m 00s)
     Speed:     ev/sec=0   simsec/sec=0   ev/simsec=0
     Messages:  created: 2   present: 2   in FES: 2
** Event #3162890   t=7365.997747980523   Elapsed: 0.255605s (0m 00s)
     Speed:     ev/sec=1.23754e+07   simsec/sec=28820.8   ev/simsec=429.391
     Messages:  created: 2   present: 2   in FES: 1

<!> Simulation stopped with endSimulation() -- in module (ScheduledAccessQueue) DectScheduledAccessNetwork.queue (id=2), at t=7365.997747980523s, event #3162890

Calling finish() at end of Run #22...

Preparing for running configuration Phase5_Tail, run #23...
Scenario: $rho=0.067796610169, $repetition=3
Assigned runID=Phase5_Tail-23-20261001-21:25:15-68
Setting up network "dect2020scheduledaccess.DectScheduledAccessNetwork"...
Initializing...

Running simulation...
** Event #0   t=0   Elapsed: 5e-06s (0m 00s)
     Speed:     ev/sec=0   simsec/sec=0   ev/simsec=0
     Messages:  created: 2   present: 2   in FES: 2
** Event #3164728   t=7382.919535441016   Elapsed: 0.261892s (0m 00s)
     Speed:     ev/sec=1.20846e+07   simsec/sec=28191.8   ev/simsec=428.655
     Messages:  created: 2   present: 2   in FES: 1

<!> Simulation stopped with endSimulation() -- in module (ScheduledAccessQueue) DectScheduledAccessNetwork.queue (id=2), at t=7382.919535441016s, event #3164728

Calling finish() at end of Run #23...

Preparing for running configuration Phase5_Tail, run #24...
Scenario: $rho=0.067796610169, $repetition=4
Assigned runID=Phase5_Tail-24-20261001-21:25:15-68
Setting up network "dect2020scheduledaccess.DectScheduledAccessNetwork"...
Initializing...

Running simulation...
** Event #0   t=0   Elapsed: 5e-06s (0m 00s)
     Speed:     ev/sec=0   simsec/sec=0   ev/simsec=0
     Messages:  created: 2   present: 2   in FES: 2
** Event #3164462   t=7380.024799668236   Elapsed: 0.255339s (0m 00s)
     Speed:     ev/sec=1.23936e+07   simsec/sec=28903.9   ev/simsec=428.787
     Messages:  created: 2   present: 2   in FES: 1

<!> Simulation stopped with endSimulation() -- in module (ScheduledAccessQueue) DectScheduledAccessNetwork.queue (id=2), at t=7380.024799668236s, event #3164462

Calling finish() at end of Run #24...

Preparing for running configuration Phase5_Tail, run #25...
Scenario: $rho=0.067796610169, $repetition=5
Assigned runID=Phase5_Tail-25-20261001-21:25:16-68
Setting up network "dect2020scheduledaccess.DectScheduledAccessNetwork"...
Initializing...

Running simulation...
** Event #0   t=0   Elapsed: 2.4e-05s (0m 00s)
     Speed:     ev/sec=0   simsec/sec=0   ev/simsec=0
     Messages:  created: 2   present: 2   in FES: 2
** Event #3164600   t=7381.439431053985   Elapsed: 0.255089s (0m 00s)
     Speed:     ev/sec=1.24072e+07   simsec/sec=28939.9   ev/simsec=428.724
     Messages:  created: 2   present: 2   in FES: 1

<!> Simulation stopped with endSimulation() -- in module (ScheduledAccessQueue) DectScheduledAccessNetwork.queue (id=2), at t=7381.439431053985s, event #3164600

Calling finish() at end of Run #25...

Preparing for running configuration Phase5_Tail, run #26...
Scenario: $rho=0.067796610169, $repetition=6
Assigned runID=Phase5_Tail-26-20261001-21:25:16-68
Setting up network "dect2020scheduledaccess.DectScheduledAccessNetwork"...
Initializing...

Running simulation...
** Event #0   t=0   Elapsed: 2.3e-05s (0m 00s)
     Speed:     ev/sec=0   simsec/sec=0   ev/simsec=0
     Messages:  created: 2   present: 2   in FES: 2
** Event #3163585   t=7372.232108207084   Elapsed: 0.25574s (0m 00s)
     Speed:     ev/sec=1.23717e+07   simsec/sec=28830.2   ev/simsec=429.122
     Messages:  created: 2   present: 2   in FES: 1

<!> Simulation stopped with endSimulation() -- in module (ScheduledAccessQueue) DectScheduledAccessNetwork.queue (id=2), at t=7372.232108207084s, event #3163585

Calling finish() at end of Run #26...

Preparing for running configuration Phase5_Tail, run #27...
Scenario: $rho=0.067796610169, $repetition=7
Assigned runID=Phase5_Tail-27-20261001-21:25:16-68
Setting up network "dect2020scheduledaccess.DectScheduledAccessNetwork"...
Initializing...

Running simulation...
** Event #0   t=0   Elapsed: 4e-06s (0m 00s)
     Speed:     ev/sec=0   simsec/sec=0   ev/simsec=0
     Messages:  created: 2   present: 2   in FES: 2
** Event #3163659   t=7372.905578387979   Elapsed: 0.254806s (0m 00s)
     Speed:     ev/sec=1.24164e+07   simsec/sec=28936.4   ev/simsec=429.093
     Messages:  created: 2   present: 2   in FES: 1

<!> Simulation stopped with endSimulation() -- in module (ScheduledAccessQueue) DectScheduledAccessNetwork.queue (id=2), at t=7372.905578387979s, event #3163659

Calling finish() at end of Run #27...

Preparing for running configuration Phase5_Tail, run #28...
Scenario: $rho=0.067796610169, $repetition=8
Assigned runID=Phase5_Tail-28-20261001-21:25:17-68
Setting up network "dect2020scheduledaccess.DectScheduledAccessNetwork"...
Initializing...

Running simulation...
** Event #0   t=0   Elapsed: 5e-06s (0m 00s)
     Speed:     ev/sec=0   simsec/sec=0   ev/simsec=0
     Messages:  created: 2   present: 2   in FES: 2
** Event #3163935   t=7374.763898800161   Elapsed: 0.254212s (0m 00s)
     Speed:     ev/sec=1.24464e+07   simsec/sec=29011.2   ev/simsec=429.022
     Messages:  created: 2   present: 2   in FES: 1

<!> Simulation stopped with endSimulation() -- in module (ScheduledAccessQueue) DectScheduledAccessNetwork.queue (id=2), at t=7374.763898800161s, event #3163935

Calling finish() at end of Run #28...

Preparing for running configuration Phase5_Tail, run #29...
Scenario: $rho=0.067796610169, $repetition=9
Assigned runID=Phase5_Tail-29-20261001-21:25:17-68
Setting up network "dect2020scheduledaccess.DectScheduledAccessNetwork"...
Initializing...

Running simulation...
** Event #0   t=0   Elapsed: 2.2e-05s (0m 00s)
     Speed:     ev/sec=0   simsec/sec=0   ev/simsec=0
     Messages:  created: 2   present: 2   in FES: 2
** Event #3164283   t=7378.419580885301   Elapsed: 0.254534s (0m 00s)
     Speed:     ev/sec=1.24329e+07   simsec/sec=28990.9   ev/simsec=428.856
     Messages:  created: 2   present: 2   in FES: 1

<!> Simulation stopped with endSimulation() -- in module (ScheduledAccessQueue) DectScheduledAccessNetwork.queue (id=2), at t=7378.419580885301s, event #3164283

Calling finish() at end of Run #29...

Preparing for running configuration Phase5_Tail, run #30...
Scenario: $rho=0.076271186441, $repetition=0
Assigned runID=Phase5_Tail-30-20261001-21:25:17-68
Setting up network "dect2020scheduledaccess.DectScheduledAccessNetwork"...
Initializing...

Running simulation...
** Event #0   t=0   Elapsed: 5e-06s (0m 00s)
     Speed:     ev/sec=0   simsec/sec=0   ev/simsec=0
     Messages:  created: 2   present: 2   in FES: 2
** Event #3073567   t=6559.954145976498   Elapsed: 0.249094s (0m 00s)
     Speed:     ev/sec=1.23394e+07   simsec/sec=26336.2   ev/simsec=468.535
     Messages:  created: 2   present: 2   in FES: 1

<!> Simulation stopped with endSimulation() -- in module (ScheduledAccessQueue) DectScheduledAccessNetwork.queue (id=2), at t=6559.954145976498s, event #3073567

Calling finish() at end of Run #30...

Preparing for running configuration Phase5_Tail, run #31...
Scenario: $rho=0.076271186441, $repetition=1
Assigned runID=Phase5_Tail-31-20261001-21:25:18-68
Setting up network "dect2020scheduledaccess.DectScheduledAccessNetwork"...
Initializing...

Running simulation...
** Event #0   t=0   Elapsed: 5e-06s (0m 00s)
     Speed:     ev/sec=0   simsec/sec=0   ev/simsec=0
     Messages:  created: 2   present: 2   in FES: 2
** Event #3073685   t=6560.758118934929   Elapsed: 0.249527s (0m 00s)
     Speed:     ev/sec=1.23186e+07   simsec/sec=26293.9   ev/simsec=468.495
     Messages:  created: 2   present: 2   in FES: 1

<!> Simulation stopped with endSimulation() -- in module (ScheduledAccessQueue) DectScheduledAccessNetwork.queue (id=2), at t=6560.758118934929s, event #3073685

Calling finish() at end of Run #31...

Preparing for running configuration Phase5_Tail, run #32...
Scenario: $rho=0.076271186441, $repetition=2
Assigned runID=Phase5_Tail-32-20261001-21:25:18-68
Setting up network "dect2020scheduledaccess.DectScheduledAccessNetwork"...
Initializing...

Running simulation...
** Event #0   t=0   Elapsed: 2.2e-05s (0m 00s)
     Speed:     ev/sec=0   simsec/sec=0   ev/simsec=0
     Messages:  created: 2   present: 2   in FES: 2
** Event #3073134   t=6554.715138479053   Elapsed: 0.249696s (0m 00s)
     Speed:     ev/sec=1.23088e+07   simsec/sec=26253.6   ev/simsec=468.843
     Messages:  created: 2   present: 2   in FES: 1

<!> Simulation stopped with endSimulation() -- in module (ScheduledAccessQueue) DectScheduledAccessNetwork.queue (id=2), at t=6554.715138479053s, event #3073134

Calling finish() at end of Run #32...

Preparing for running configuration Phase5_Tail, run #33...
Scenario: $rho=0.076271186441, $repetition=3
Assigned runID=Phase5_Tail-33-20261001-21:25:18-68
Setting up network "dect2020scheduledaccess.DectScheduledAccessNetwork"...
Initializing...

Running simulation...
** Event #0   t=0   Elapsed: 5e-06s (0m 00s)
     Speed:     ev/sec=0   simsec/sec=0   ev/simsec=0
     Messages:  created: 2   present: 2   in FES: 2
** Event #3074066   t=6564.461267804509   Elapsed: 0.249144s (0m 00s)
     Speed:     ev/sec=1.2339e+07   simsec/sec=26349.1   ev/simsec=468.289
     Messages:  created: 2   present: 2   in FES: 1

<!> Simulation stopped with endSimulation() -- in module (ScheduledAccessQueue) DectScheduledAccessNetwork.queue (id=2), at t=6564.461267804509s, event #3074066

Calling finish() at end of Run #33...

Preparing for running configuration Phase5_Tail, run #34...
Scenario: $rho=0.076271186441, $repetition=4
Assigned runID=Phase5_Tail-34-20261001-21:25:19-68
Setting up network "dect2020scheduledaccess.DectScheduledAccessNetwork"...
Initializing...

Running simulation...
** Event #0   t=0   Elapsed: 5e-06s (0m 00s)
     Speed:     ev/sec=0   simsec/sec=0   ev/simsec=0
     Messages:  created: 2   present: 2   in FES: 2
** Event #3073401   t=6558.259059728157   Elapsed: 0.249175s (0m 00s)
     Speed:     ev/sec=1.23348e+07   simsec/sec=26320.8   ev/simsec=468.631
     Messages:  created: 2   present: 2   in FES: 1

<!> Simulation stopped with endSimulation() -- in module (ScheduledAccessQueue) DectScheduledAccessNetwork.queue (id=2), at t=6558.259059728157s, event #3073401

Calling finish() at end of Run #34...

Preparing for running configuration Phase5_Tail, run #35...
Scenario: $rho=0.076271186441, $repetition=5
Assigned runID=Phase5_Tail-35-20261001-21:25:19-68
Setting up network "dect2020scheduledaccess.DectScheduledAccessNetwork"...
Initializing...

Running simulation...
** Event #0   t=0   Elapsed: 5e-06s (0m 00s)
     Speed:     ev/sec=0   simsec/sec=0   ev/simsec=0
     Messages:  created: 2   present: 2   in FES: 2
** Event #3074148   t=6565.370478844481   Elapsed: 0.248911s (0m 00s)
     Speed:     ev/sec=1.23509e+07   simsec/sec=26377.4   ev/simsec=468.237
     Messages:  created: 2   present: 2   in FES: 1

<!> Simulation stopped with endSimulation() -- in module (ScheduledAccessQueue) DectScheduledAccessNetwork.queue (id=2), at t=6565.370478844481s, event #3074148

Calling finish() at end of Run #35...

Preparing for running configuration Phase5_Tail, run #36...
Scenario: $rho=0.076271186441, $repetition=6
Assigned runID=Phase5_Tail-36-20261001-21:25:19-68
Setting up network "dect2020scheduledaccess.DectScheduledAccessNetwork"...
Initializing...

Running simulation...
** Event #0   t=0   Elapsed: 2.3e-05s (0m 00s)
     Speed:     ev/sec=0   simsec/sec=0   ev/simsec=0
     Messages:  created: 2   present: 2   in FES: 2
** Event #3072866   t=6553.329650061027   Elapsed: 0.250417s (0m 00s)
     Speed:     ev/sec=1.22723e+07   simsec/sec=26172.5   ev/simsec=468.902
     Messages:  created: 2   present: 2   in FES: 1

<!> Simulation stopped with endSimulation() -- in module (ScheduledAccessQueue) DectScheduledAccessNetwork.queue (id=2), at t=6553.329650061027s, event #3072866

Calling finish() at end of Run #36...

Preparing for running configuration Phase5_Tail, run #37...
Scenario: $rho=0.076271186441, $repetition=7
Assigned runID=Phase5_Tail-37-20261001-21:25:20-68
Setting up network "dect2020scheduledaccess.DectScheduledAccessNetwork"...
Initializing...

Running simulation...
** Event #0   t=0   Elapsed: 2e-05s (0m 00s)
     Speed:     ev/sec=0   simsec/sec=0   ev/simsec=0
     Messages:  created: 2   present: 2   in FES: 2
** Event #3073648   t=6559.698710942883   Elapsed: 0.269891s (0m 00s)
     Speed:     ev/sec=1.13896e+07   simsec/sec=24307.3   ev/simsec=468.565
     Messages:  created: 2   present: 2   in FES: 1

<!> Simulation stopped with endSimulation() -- in module (ScheduledAccessQueue) DectScheduledAccessNetwork.queue (id=2), at t=6559.698710942883s, event #3073648

Calling finish() at end of Run #37...

Preparing for running configuration Phase5_Tail, run #38...
Scenario: $rho=0.076271186441, $repetition=8
Assigned runID=Phase5_Tail-38-20261001-21:25:20-68
Setting up network "dect2020scheduledaccess.DectScheduledAccessNetwork"...
Initializing...

Running simulation...
** Event #0   t=0   Elapsed: 5e-06s (0m 00s)
     Speed:     ev/sec=0   simsec/sec=0   ev/simsec=0
     Messages:  created: 2   present: 2   in FES: 2
** Event #3073560   t=6557.653091632705   Elapsed: 0.250732s (0m 00s)
     Speed:     ev/sec=1.22588e+07   simsec/sec=26155   ev/simsec=468.698
     Messages:  created: 2   present: 2   in FES: 1

<!> Simulation stopped with endSimulation() -- in module (ScheduledAccessQueue) DectScheduledAccessNetwork.queue (id=2), at t=6557.653091632705s, event #3073560

Calling finish() at end of Run #38...

Preparing for running configuration Phase5_Tail, run #39...
Scenario: $rho=0.076271186441, $repetition=9
Assigned runID=Phase5_Tail-39-20261001-21:25:20-68
Setting up network "dect2020scheduledaccess.DectScheduledAccessNetwork"...
Initializing...

Running simulation...
** Event #0   t=0   Elapsed: 2e-05s (0m 00s)
     Speed:     ev/sec=0   simsec/sec=0   ev/simsec=0
     Messages:  created: 2   present: 2   in FES: 2
** Event #3074271   t=6565.683891063434   Elapsed: 0.250841s (0m 00s)
     Speed:     ev/sec=1.22571e+07   simsec/sec=26177.3   ev/simsec=468.233
     Messages:  created: 2   present: 2   in FES: 1

<!> Simulation stopped with endSimulation() -- in module (ScheduledAccessQueue) DectScheduledAccessNetwork.queue (id=2), at t=6565.683891063434s, event #3074271

Calling finish() at end of Run #39...

Preparing for running configuration Phase5_Tail, run #40...
Scenario: $rho=0.084745762712, $repetition=0
Assigned runID=Phase5_Tail-40-20261001-21:25:21-68
Setting up network "dect2020scheduledaccess.DectScheduledAccessNetwork"...
Initializing...

Running simulation...
** Event #0   t=0   Elapsed: 2.1e-05s (0m 00s)
     Speed:     ev/sec=0   simsec/sec=0   ev/simsec=0
     Messages:  created: 2   present: 2   in FES: 2
** Event #3032173   t=6005.695946721206   Elapsed: 0.247247s (0m 00s)
     Speed:     ev/sec=1.2265e+07   simsec/sec=24292.8   ev/simsec=504.883
     Messages:  created: 2   present: 2   in FES: 1

<!> Simulation stopped with endSimulation() -- in module (ScheduledAccessQueue) DectScheduledAccessNetwork.queue (id=2), at t=6005.695946721206s, event #3032173

Calling finish() at end of Run #40...

Preparing for running configuration Phase5_Tail, run #41...
Scenario: $rho=0.084745762712, $repetition=1
Assigned runID=Phase5_Tail-41-20261001-21:25:21-68
Setting up network "dect2020scheduledaccess.DectScheduledAccessNetwork"...
Initializing...

Running simulation...
** Event #0   t=0   Elapsed: 5e-06s (0m 00s)
     Speed:     ev/sec=0   simsec/sec=0   ev/simsec=0
     Messages:  created: 2   present: 2   in FES: 2
** Event #3032049   t=6003.234001013533   Elapsed: 0.247728s (0m 00s)
     Speed:     ev/sec=1.22399e+07   simsec/sec=24234.1   ev/simsec=505.069
     Messages:  created: 2   present: 2   in FES: 1

<!> Simulation stopped with endSimulation() -- in module (ScheduledAccessQueue) DectScheduledAccessNetwork.queue (id=2), at t=6003.234001013533s, event #3032049

Calling finish() at end of Run #41...

Preparing for running configuration Phase5_Tail, run #42...
Scenario: $rho=0.084745762712, $repetition=2
Assigned runID=Phase5_Tail-42-20261001-21:25:21-68
Setting up network "dect2020scheduledaccess.DectScheduledAccessNetwork"...
Initializing...

Running simulation...
** Event #0   t=0   Elapsed: 2.3e-05s (0m 00s)
     Speed:     ev/sec=0   simsec/sec=0   ev/simsec=0
     Messages:  created: 2   present: 2   in FES: 2
** Event #3032255   t=5997.946392592003   Elapsed: 0.248915s (0m 00s)
     Speed:     ev/sec=1.21832e+07   simsec/sec=24098.9   ev/simsec=505.549
     Messages:  created: 2   present: 2   in FES: 1

<!> Simulation stopped with endSimulation() -- in module (ScheduledAccessQueue) DectScheduledAccessNetwork.queue (id=2), at t=5997.946392592003s, event #3032255

Calling finish() at end of Run #42...

Preparing for running configuration Phase5_Tail, run #43...
Scenario: $rho=0.084745762712, $repetition=3
Assigned runID=Phase5_Tail-43-20261001-21:25:22-68
Setting up network "dect2020scheduledaccess.DectScheduledAccessNetwork"...
Initializing...

Running simulation...
** Event #0   t=0   Elapsed: 5e-06s (0m 00s)
     Speed:     ev/sec=0   simsec/sec=0   ev/simsec=0
     Messages:  created: 2   present: 2   in FES: 2
** Event #3031929   t=6004.783041580777   Elapsed: 0.248659s (0m 00s)
     Speed:     ev/sec=1.21936e+07   simsec/sec=24149.6   ev/simsec=504.919
     Messages:  created: 2   present: 2   in FES: 1

<!> Simulation stopped with endSimulation() -- in module (ScheduledAccessQueue) DectScheduledAccessNetwork.queue (id=2), at t=6004.783041580777s, event #3031929

Calling finish() at end of Run #43...

Preparing for running configuration Phase5_Tail, run #44...
Scenario: $rho=0.084745762712, $repetition=4
Assigned runID=Phase5_Tail-44-20261001-21:25:22-68
Setting up network "dect2020scheduledaccess.DectScheduledAccessNetwork"...
Initializing...

Running simulation...
** Event #0   t=0   Elapsed: 6e-06s (0m 00s)
     Speed:     ev/sec=0   simsec/sec=0   ev/simsec=0
     Messages:  created: 2   present: 2   in FES: 2
** Event #3031316   t=6006.648462853899   Elapsed: 0.247665s (0m 00s)
     Speed:     ev/sec=1.22401e+07   simsec/sec=24254.1   ev/simsec=504.66
     Messages:  created: 2   present: 2   in FES: 1

<!> Simulation stopped with endSimulation() -- in module (ScheduledAccessQueue) DectScheduledAccessNetwork.queue (id=2), at t=6006.648462853899s, event #3031316

Calling finish() at end of Run #44...

Preparing for running configuration Phase5_Tail, run #45...
Scenario: $rho=0.084745762712, $repetition=5
Assigned runID=Phase5_Tail-45-20261001-21:25:22-68
Setting up network "dect2020scheduledaccess.DectScheduledAccessNetwork"...
Initializing...

Running simulation...
** Event #0   t=0   Elapsed: 2e-05s (0m 00s)
     Speed:     ev/sec=0   simsec/sec=0   ev/simsec=0
     Messages:  created: 2   present: 2   in FES: 2
** Event #3031221   t=6001.963903738733   Elapsed: 0.247812s (0m 00s)
     Speed:     ev/sec=1.22331e+07   simsec/sec=24222.2   ev/simsec=505.038
     Messages:  created: 2   present: 2   in FES: 1

<!> Simulation stopped with endSimulation() -- in module (ScheduledAccessQueue) DectScheduledAccessNetwork.queue (id=2), at t=6001.963903738733s, event #3031221

Calling finish() at end of Run #45...

Preparing for running configuration Phase5_Tail, run #46...
Scenario: $rho=0.084745762712, $repetition=6
Assigned runID=Phase5_Tail-46-20261001-21:25:22-68
Setting up network "dect2020scheduledaccess.DectScheduledAccessNetwork"...
Initializing...

Running simulation...
** Event #0   t=0   Elapsed: 2.2e-05s (0m 00s)
     Speed:     ev/sec=0   simsec/sec=0   ev/simsec=0
     Messages:  created: 2   present: 2   in FES: 2
** Event #3031706   t=6002.190034143548   Elapsed: 0.248315s (0m 00s)
     Speed:     ev/sec=1.22104e+07   simsec/sec=24174.2   ev/simsec=505.1
     Messages:  created: 2   present: 2   in FES: 1

<!> Simulation stopped with endSimulation() -- in module (ScheduledAccessQueue) DectScheduledAccessNetwork.queue (id=2), at t=6002.190034143548s, event #3031706

Calling finish() at end of Run #46...

Preparing for running configuration Phase5_Tail, run #47...
Scenario: $rho=0.084745762712, $repetition=7
Assigned runID=Phase5_Tail-47-20261001-21:25:23-68
Setting up network "dect2020scheduledaccess.DectScheduledAccessNetwork"...
Initializing...

Running simulation...
** Event #0   t=0   Elapsed: 6e-06s (0m 00s)
     Speed:     ev/sec=0   simsec/sec=0   ev/simsec=0
     Messages:  created: 2   present: 2   in FES: 2
** Event #3032052   t=6003.719034539854   Elapsed: 0.247312s (0m 00s)
     Speed:     ev/sec=1.22605e+07   simsec/sec=24276.8   ev/simsec=505.029
     Messages:  created: 2   present: 2   in FES: 1

<!> Simulation stopped with endSimulation() -- in module (ScheduledAccessQueue) DectScheduledAccessNetwork.queue (id=2), at t=6003.719034539854s, event #3032052

Calling finish() at end of Run #47...

Preparing for running configuration Phase5_Tail, run #48...
Scenario: $rho=0.084745762712, $repetition=8
Assigned runID=Phase5_Tail-48-20261001-21:25:23-68
Setting up network "dect2020scheduledaccess.DectScheduledAccessNetwork"...
Initializing...

Running simulation...
** Event #0   t=0   Elapsed: 2.2e-05s (0m 00s)
     Speed:     ev/sec=0   simsec/sec=0   ev/simsec=0
     Messages:  created: 2   present: 2   in FES: 2
** Event #3031718   t=6000.08547820372   Elapsed: 0.250233s (0m 00s)
     Speed:     ev/sec=1.21168e+07   simsec/sec=23980.5   ev/simsec=505.279
     Messages:  created: 2   present: 2   in FES: 1

<!> Simulation stopped with endSimulation() -- in module (ScheduledAccessQueue) DectScheduledAccessNetwork.queue (id=2), at t=6000.08547820372s, event #3031718

Calling finish() at end of Run #48...

Preparing for running configuration Phase5_Tail, run #49...
Scenario: $rho=0.084745762712, $repetition=9
Assigned runID=Phase5_Tail-49-20261001-21:25:23-68
Setting up network "dect2020scheduledaccess.DectScheduledAccessNetwork"...
Initializing...

Running simulation...
** Event #0   t=0   Elapsed: 5e-06s (0m 00s)
     Speed:     ev/sec=0   simsec/sec=0   ev/simsec=0
     Messages:  created: 2   present: 2   in FES: 2
** Event #3031480   t=6002.676594753665   Elapsed: 0.246556s (0m 00s)
     Speed:     ev/sec=1.22958e+07   simsec/sec=24347.1   ev/simsec=505.021
     Messages:  created: 2   present: 2   in FES: 1

<!> Simulation stopped with endSimulation() -- in module (ScheduledAccessQueue) DectScheduledAccessNetwork.queue (id=2), at t=6002.676594753665s, event #3031480

Calling finish() at end of Run #49...

Preparing for running configuration Phase5_Tail, run #50...
Scenario: $rho=0.093220338983, $repetition=0
Assigned runID=Phase5_Tail-50-20261001-21:25:24-68
Setting up network "dect2020scheduledaccess.DectScheduledAccessNetwork"...
Initializing...

Running simulation...
** Event #0   t=0   Elapsed: 6e-06s (0m 00s)
     Speed:     ev/sec=0   simsec/sec=0   ev/simsec=0
     Messages:  created: 2   present: 2   in FES: 2
** Event #3119591   t=5902.879108858082   Elapsed: 0.253656s (0m 00s)
     Speed:     ev/sec=1.22989e+07   simsec/sec=23272   ev/simsec=528.486
     Messages:  created: 2   present: 2   in FES: 1

<!> Simulation stopped with endSimulation() -- in module (ScheduledAccessQueue) DectScheduledAccessNetwork.queue (id=2), at t=5902.879108858082s, event #3119591

Calling finish() at end of Run #50...

Preparing for running configuration Phase5_Tail, run #51...
Scenario: $rho=0.093220338983, $repetition=1
Assigned runID=Phase5_Tail-51-20261001-21:25:24-68
Setting up network "dect2020scheduledaccess.DectScheduledAccessNetwork"...
Initializing...

Running simulation...
** Event #0   t=0   Elapsed: 5e-06s (0m 00s)
     Speed:     ev/sec=0   simsec/sec=0   ev/simsec=0
     Messages:  created: 2   present: 2   in FES: 2
** Event #3121228   t=5902.619162112364   Elapsed: 0.256034s (0m 00s)
     Speed:     ev/sec=1.21911e+07   simsec/sec=23054.9   ev/simsec=528.787
     Messages:  created: 2   present: 2   in FES: 1

<!> Simulation stopped with endSimulation() -- in module (ScheduledAccessQueue) DectScheduledAccessNetwork.queue (id=2), at t=5902.619162112364s, event #3121228

Calling finish() at end of Run #51...

Preparing for running configuration Phase5_Tail, run #52...
Scenario: $rho=0.093220338983, $repetition=2
Assigned runID=Phase5_Tail-52-20261001-21:25:24-68
Setting up network "dect2020scheduledaccess.DectScheduledAccessNetwork"...
Initializing...

Running simulation...
** Event #0   t=0   Elapsed: 2.4e-05s (0m 00s)
     Speed:     ev/sec=0   simsec/sec=0   ev/simsec=0
     Messages:  created: 2   present: 2   in FES: 2
** Event #3121846   t=5901.483434234287   Elapsed: 0.254337s (0m 00s)
     Speed:     ev/sec=1.22758e+07   simsec/sec=23205.9   ev/simsec=528.994
     Messages:  created: 2   present: 2   in FES: 1

<!> Simulation stopped with endSimulation() -- in module (ScheduledAccessQueue) DectScheduledAccessNetwork.queue (id=2), at t=5901.483434234287s, event #3121846

Calling finish() at end of Run #52...

Preparing for running configuration Phase5_Tail, run #53...
Scenario: $rho=0.093220338983, $repetition=3
Assigned runID=Phase5_Tail-53-20261001-21:25:25-68
Setting up network "dect2020scheduledaccess.DectScheduledAccessNetwork"...
Initializing...

Running simulation...
** Event #0   t=0   Elapsed: 7e-06s (0m 00s)
     Speed:     ev/sec=0   simsec/sec=0   ev/simsec=0
     Messages:  created: 2   present: 2   in FES: 2
** Event #3118693   t=5902.045114073603   Elapsed: 0.253684s (0m 00s)
     Speed:     ev/sec=1.2294e+07   simsec/sec=23266.2   ev/simsec=528.409
     Messages:  created: 2   present: 2   in FES: 1

<!> Simulation stopped with endSimulation() -- in module (ScheduledAccessQueue) DectScheduledAccessNetwork.queue (id=2), at t=5902.045114073603s, event #3118693

Calling finish() at end of Run #53...

Preparing for running configuration Phase5_Tail, run #54...
Scenario: $rho=0.093220338983, $repetition=4
Assigned runID=Phase5_Tail-54-20261001-21:25:25-68
Setting up network "dect2020scheduledaccess.DectScheduledAccessNetwork"...
Initializing...

Running simulation...
** Event #0   t=0   Elapsed: 2.1e-05s (0m 00s)
     Speed:     ev/sec=0   simsec/sec=0   ev/simsec=0
     Messages:  created: 2   present: 2   in FES: 2
** Event #3118788   t=5901.625291455071   Elapsed: 0.255242s (0m 00s)
     Speed:     ev/sec=1.22201e+07   simsec/sec=23123.9   ev/simsec=528.463
     Messages:  created: 2   present: 2   in FES: 1

<!> Simulation stopped with endSimulation() -- in module (ScheduledAccessQueue) DectScheduledAccessNetwork.queue (id=2), at t=5901.625291455071s, event #3118788

Calling finish() at end of Run #54...

Preparing for running configuration Phase5_Tail, run #55...
Scenario: $rho=0.093220338983, $repetition=5
Assigned runID=Phase5_Tail-55-20261001-21:25:25-68
Setting up network "dect2020scheduledaccess.DectScheduledAccessNetwork"...
Initializing...

Running simulation...
** Event #0   t=0   Elapsed: 2.2e-05s (0m 00s)
     Speed:     ev/sec=0   simsec/sec=0   ev/simsec=0
     Messages:  created: 2   present: 2   in FES: 2
** Event #3120579   t=5902.335806354911   Elapsed: 0.254821s (0m 00s)
     Speed:     ev/sec=1.22475e+07   simsec/sec=23165.1   ev/simsec=528.702
     Messages:  created: 2   present: 2   in FES: 1

<!> Simulation stopped with endSimulation() -- in module (ScheduledAccessQueue) DectScheduledAccessNetwork.queue (id=2), at t=5902.335806354911s, event #3120579

Calling finish() at end of Run #55...

Preparing for running configuration Phase5_Tail, run #56...
Scenario: $rho=0.093220338983, $repetition=6
Assigned runID=Phase5_Tail-56-20261001-21:25:26-68
Setting up network "dect2020scheduledaccess.DectScheduledAccessNetwork"...
Initializing...

Running simulation...
** Event #0   t=0   Elapsed: 2.3e-05s (0m 00s)
     Speed:     ev/sec=0   simsec/sec=0   ev/simsec=0
     Messages:  created: 2   present: 2   in FES: 2
** Event #3121008   t=5901.662253614857   Elapsed: 0.253707s (0m 00s)
     Speed:     ev/sec=1.23028e+07   simsec/sec=23264   ev/simsec=528.835
     Messages:  created: 2   present: 2   in FES: 1

<!> Simulation stopped with endSimulation() -- in module (ScheduledAccessQueue) DectScheduledAccessNetwork.queue (id=2), at t=5901.662253614857s, event #3121008

Calling finish() at end of Run #56...

Preparing for running configuration Phase5_Tail, run #57...
Scenario: $rho=0.093220338983, $repetition=7
Assigned runID=Phase5_Tail-57-20261001-21:25:26-68
Setting up network "dect2020scheduledaccess.DectScheduledAccessNetwork"...
Initializing...

Running simulation...
** Event #0   t=0   Elapsed: 2.1e-05s (0m 00s)
     Speed:     ev/sec=0   simsec/sec=0   ev/simsec=0
     Messages:  created: 2   present: 2   in FES: 2
** Event #3118994   t=5901.924057894458   Elapsed: 0.254628s (0m 00s)
     Speed:     ev/sec=1.22504e+07   simsec/sec=23180.9   ev/simsec=528.471
     Messages:  created: 2   present: 2   in FES: 1

<!> Simulation stopped with endSimulation() -- in module (ScheduledAccessQueue) DectScheduledAccessNetwork.queue (id=2), at t=5901.924057894458s, event #3118994

Calling finish() at end of Run #57...

Preparing for running configuration Phase5_Tail, run #58...
Scenario: $rho=0.093220338983, $repetition=8
Assigned runID=Phase5_Tail-58-20261001-21:25:26-68
Setting up network "dect2020scheduledaccess.DectScheduledAccessNetwork"...
Initializing...

Running simulation...
** Event #0   t=0   Elapsed: 2.1e-05s (0m 00s)
     Speed:     ev/sec=0   simsec/sec=0   ev/simsec=0
     Messages:  created: 2   present: 2   in FES: 2
** Event #3121058   t=5901.579506001177   Elapsed: 0.254018s (0m 00s)
     Speed:     ev/sec=1.22879e+07   simsec/sec=23235   ev/simsec=528.851
     Messages:  created: 2   present: 2   in FES: 1

<!> Simulation stopped with endSimulation() -- in module (ScheduledAccessQueue) DectScheduledAccessNetwork.queue (id=2), at t=5901.579506001177s, event #3121058

Calling finish() at end of Run #58...

Preparing for running configuration Phase5_Tail, run #59...
Scenario: $rho=0.093220338983, $repetition=9
Assigned runID=Phase5_Tail-59-20261001-21:25:27-68
Setting up network "dect2020scheduledaccess.DectScheduledAccessNetwork"...
Initializing...

Running simulation...
** Event #0   t=0   Elapsed: 2.1e-05s (0m 00s)
     Speed:     ev/sec=0   simsec/sec=0   ev/simsec=0
     Messages:  created: 2   present: 2   in FES: 2
** Event #3121208   t=5902.87792514479   Elapsed: 0.254084s (0m 00s)
     Speed:     ev/sec=1.22853e+07   simsec/sec=23234.2   ev/simsec=528.76
     Messages:  created: 2   present: 2   in FES: 1

<!> Simulation stopped with endSimulation() -- in module (ScheduledAccessQueue) DectScheduledAccessNetwork.queue (id=2), at t=5902.87792514479s, event #3121208

Calling finish() at end of Run #59...

Preparing for running configuration Phase5_Tail, run #60...
Scenario: $rho=0.101694915254, $repetition=0
Assigned runID=Phase5_Tail-60-20261001-21:25:27-68
Setting up network "dect2020scheduledaccess.DectScheduledAccessNetwork"...
Initializing...

Running simulation...
** Event #0   t=0   Elapsed: 6e-06s (0m 00s)
     Speed:     ev/sec=0   simsec/sec=0   ev/simsec=0
     Messages:  created: 2   present: 2   in FES: 2
** Event #3239523   t=5900.781648232884   Elapsed: 0.264915s (0m 00s)
     Speed:     ev/sec=1.2229e+07   simsec/sec=22275.1   ev/simsec=548.999
     Messages:  created: 2   present: 2   in FES: 1

<!> Simulation stopped with endSimulation() -- in module (ScheduledAccessQueue) DectScheduledAccessNetwork.queue (id=2), at t=5900.781648232884s, event #3239523

Calling finish() at end of Run #60...

Preparing for running configuration Phase5_Tail, run #61...
Scenario: $rho=0.101694915254, $repetition=1
Assigned runID=Phase5_Tail-61-20261001-21:25:27-68
Setting up network "dect2020scheduledaccess.DectScheduledAccessNetwork"...
Initializing...

Running simulation...
** Event #0   t=0   Elapsed: 5e-06s (0m 00s)
     Speed:     ev/sec=0   simsec/sec=0   ev/simsec=0
     Messages:  created: 2   present: 2   in FES: 2
** Event #3239558   t=5900.770852436263   Elapsed: 0.263852s (0m 00s)
     Speed:     ev/sec=1.22784e+07   simsec/sec=22364.8   ev/simsec=549.006
     Messages:  created: 2   present: 2   in FES: 1

<!> Simulation stopped with endSimulation() -- in module (ScheduledAccessQueue) DectScheduledAccessNetwork.queue (id=2), at t=5900.770852436263s, event #3239558

Calling finish() at end of Run #61...

Preparing for running configuration Phase5_Tail, run #62...
Scenario: $rho=0.101694915254, $repetition=2
Assigned runID=Phase5_Tail-62-20261001-21:25:28-68
Setting up network "dect2020scheduledaccess.DectScheduledAccessNetwork"...
Initializing...

Running simulation...
** Event #0   t=0   Elapsed: 5e-06s (0m 00s)
     Speed:     ev/sec=0   simsec/sec=0   ev/simsec=0
     Messages:  created: 2   present: 2   in FES: 2
** Event #3242359   t=5900.353297420212   Elapsed: 0.265157s (0m 00s)
     Speed:     ev/sec=1.22285e+07   simsec/sec=22253.1   ev/simsec=549.52
     Messages:  created: 2   present: 2   in FES: 1

<!> Simulation stopped with endSimulation() -- in module (ScheduledAccessQueue) DectScheduledAccessNetwork.queue (id=2), at t=5900.353297420212s, event #3242359

Calling finish() at end of Run #62...

Preparing for running configuration Phase5_Tail, run #63...
Scenario: $rho=0.101694915254, $repetition=3
Assigned runID=Phase5_Tail-63-20261001-21:25:28-68
Setting up network "dect2020scheduledaccess.DectScheduledAccessNetwork"...
Initializing...

Running simulation...
** Event #0   t=0   Elapsed: 2.2e-05s (0m 00s)
     Speed:     ev/sec=0   simsec/sec=0   ev/simsec=0
     Messages:  created: 2   present: 2   in FES: 2
** Event #3238666   t=5900.339716552212   Elapsed: 0.265611s (0m 00s)
     Speed:     ev/sec=1.21945e+07   simsec/sec=22216.5   ev/simsec=548.895
     Messages:  created: 2   present: 2   in FES: 1

<!> Simulation stopped with endSimulation() -- in module (ScheduledAccessQueue) DectScheduledAccessNetwork.queue (id=2), at t=5900.339716552212s, event #3238666

Calling finish() at end of Run #63...

Preparing for running configuration Phase5_Tail, run #64...
Scenario: $rho=0.101694915254, $repetition=4
Assigned runID=Phase5_Tail-64-20261001-21:25:28-68
Setting up network "dect2020scheduledaccess.DectScheduledAccessNetwork"...
Initializing...

Running simulation...
** Event #0   t=0   Elapsed: 5e-06s (0m 00s)
     Speed:     ev/sec=0   simsec/sec=0   ev/simsec=0
     Messages:  created: 2   present: 2   in FES: 2
** Event #3239895   t=5900.424119279901   Elapsed: 0.264978s (0m 00s)
     Speed:     ev/sec=1.22274e+07   simsec/sec=22268.4   ev/simsec=549.095
     Messages:  created: 2   present: 2   in FES: 1

<!> Simulation stopped with endSimulation() -- in module (ScheduledAccessQueue) DectScheduledAccessNetwork.queue (id=2), at t=5900.424119279901s, event #3239895

Calling finish() at end of Run #64...

Preparing for running configuration Phase5_Tail, run #65...
Scenario: $rho=0.101694915254, $repetition=5
Assigned runID=Phase5_Tail-65-20261001-21:25:29-68
Setting up network "dect2020scheduledaccess.DectScheduledAccessNetwork"...
Initializing...

Running simulation...
** Event #0   t=0   Elapsed: 2.3e-05s (0m 00s)
     Speed:     ev/sec=0   simsec/sec=0   ev/simsec=0
     Messages:  created: 2   present: 2   in FES: 2
** Event #3239466   t=5900.433579887901   Elapsed: 0.264078s (0m 00s)
     Speed:     ev/sec=1.22683e+07   simsec/sec=22345.7   ev/simsec=549.022
     Messages:  created: 2   present: 2   in FES: 1

<!> Simulation stopped with endSimulation() -- in module (ScheduledAccessQueue) DectScheduledAccessNetwork.queue (id=2), at t=5900.433579887901s, event #3239466

Calling finish() at end of Run #65...

Preparing for running configuration Phase5_Tail, run #66...
Scenario: $rho=0.101694915254, $repetition=6
Assigned runID=Phase5_Tail-66-20261001-21:25:29-68
Setting up network "dect2020scheduledaccess.DectScheduledAccessNetwork"...
Initializing...

Running simulation...
** Event #0   t=0   Elapsed: 5e-06s (0m 00s)
     Speed:     ev/sec=0   simsec/sec=0   ev/simsec=0
     Messages:  created: 2   present: 2   in FES: 2
** Event #3240118   t=5900.221943903622   Elapsed: 0.264192s (0m 00s)
     Speed:     ev/sec=1.22647e+07   simsec/sec=22333.8   ev/simsec=549.152
     Messages:  created: 2   present: 2   in FES: 1

<!> Simulation stopped with endSimulation() -- in module (ScheduledAccessQueue) DectScheduledAccessNetwork.queue (id=2), at t=5900.221943903622s, event #3240118

Calling finish() at end of Run #66...

Preparing for running configuration Phase5_Tail, run #67...
Scenario: $rho=0.101694915254, $repetition=7
Assigned runID=Phase5_Tail-67-20261001-21:25:29-68
Setting up network "dect2020scheduledaccess.DectScheduledAccessNetwork"...
Initializing...

Running simulation...
** Event #0   t=0   Elapsed: 2.2e-05s (0m 00s)
     Speed:     ev/sec=0   simsec/sec=0   ev/simsec=0
     Messages:  created: 2   present: 2   in FES: 2
** Event #3237722   t=5899.565876706371   Elapsed: 0.264116s (0m 00s)
     Speed:     ev/sec=1.22599e+07   simsec/sec=22339.1   ev/simsec=548.807
     Messages:  created: 2   present: 2   in FES: 1

<!> Simulation stopped with endSimulation() -- in module (ScheduledAccessQueue) DectScheduledAccessNetwork.queue (id=2), at t=5899.565876706371s, event #3237722

Calling finish() at end of Run #67...

Preparing for running configuration Phase5_Tail, run #68...
Scenario: $rho=0.101694915254, $repetition=8
Assigned runID=Phase5_Tail-68-20261001-21:25:30-68
Setting up network "dect2020scheduledaccess.DectScheduledAccessNetwork"...
Initializing...

Running simulation...
** Event #0   t=0   Elapsed: 5e-06s (0m 00s)
     Speed:     ev/sec=0   simsec/sec=0   ev/simsec=0
     Messages:  created: 2   present: 2   in FES: 2
** Event #3241389   t=5900.033246371299   Elapsed: 0.26419s (0m 00s)
     Speed:     ev/sec=1.22695e+07   simsec/sec=22333.2   ev/simsec=549.385
     Messages:  created: 2   present: 2   in FES: 1

<!> Simulation stopped with endSimulation() -- in module (ScheduledAccessQueue) DectScheduledAccessNetwork.queue (id=2), at t=5900.033246371299s, event #3241389

Calling finish() at end of Run #68...

Preparing for running configuration Phase5_Tail, run #69...
Scenario: $rho=0.101694915254, $repetition=9
Assigned runID=Phase5_Tail-69-20261001-21:25:30-68
Setting up network "dect2020scheduledaccess.DectScheduledAccessNetwork"...
Initializing...

Running simulation...
** Event #0   t=0   Elapsed: 6e-06s (0m 00s)
     Speed:     ev/sec=0   simsec/sec=0   ev/simsec=0
     Messages:  created: 2   present: 2   in FES: 2
** Event #3239569   t=5899.763263870865   Elapsed: 0.26349s (0m 00s)
     Speed:     ev/sec=1.22953e+07   simsec/sec=22391.6   ev/simsec=549.102
     Messages:  created: 2   present: 2   in FES: 1

<!> Simulation stopped with endSimulation() -- in module (ScheduledAccessQueue) DectScheduledAccessNetwork.queue (id=2), at t=5899.763263870865s, event #3239569

Calling finish() at end of Run #69...

Preparing for running configuration Phase5_Tail, run #70...
Scenario: $rho=0.127118644068, $repetition=0
Assigned runID=Phase5_Tail-70-20261001-21:25:30-68
Setting up network "dect2020scheduledaccess.DectScheduledAccessNetwork"...
Initializing...

Running simulation...
** Event #0   t=0   Elapsed: 2e-05s (0m 00s)
     Speed:     ev/sec=0   simsec/sec=0   ev/simsec=0
     Messages:  created: 2   present: 2   in FES: 2
** Event #3597276   t=5900.318539266214   Elapsed: 0.293874s (0m 00s)
     Speed:     ev/sec=1.22419e+07   simsec/sec=20079.4   ev/simsec=609.675
     Messages:  created: 2   present: 2   in FES: 1

<!> Simulation stopped with endSimulation() -- in module (ScheduledAccessQueue) DectScheduledAccessNetwork.queue (id=2), at t=5900.318539266214s, event #3597276

Calling finish() at end of Run #70...

Preparing for running configuration Phase5_Tail, run #71...
Scenario: $rho=0.127118644068, $repetition=1
Assigned runID=Phase5_Tail-71-20261001-21:25:31-68
Setting up network "dect2020scheduledaccess.DectScheduledAccessNetwork"...
Initializing...

Running simulation...
** Event #0   t=0   Elapsed: 5e-06s (0m 00s)
     Speed:     ev/sec=0   simsec/sec=0   ev/simsec=0
     Messages:  created: 2   present: 2   in FES: 2
** Event #3600820   t=5901.1770085943   Elapsed: 0.293175s (0m 00s)
     Speed:     ev/sec=1.22824e+07   simsec/sec=20129   ev/simsec=610.187
     Messages:  created: 2   present: 2   in FES: 1

<!> Simulation stopped with endSimulation() -- in module (ScheduledAccessQueue) DectScheduledAccessNetwork.queue (id=2), at t=5901.1770085943s, event #3600820

Calling finish() at end of Run #71...

Preparing for running configuration Phase5_Tail, run #72...
Scenario: $rho=0.127118644068, $repetition=2
Assigned runID=Phase5_Tail-72-20261001-21:25:31-68
Setting up network "dect2020scheduledaccess.DectScheduledAccessNetwork"...
Initializing...

Running simulation...
** Event #0   t=0   Elapsed: 1.9e-05s (0m 00s)
     Speed:     ev/sec=0   simsec/sec=0   ev/simsec=0
     Messages:  created: 2   present: 2   in FES: 2
** Event #3601514   t=5900.037896813453   Elapsed: 0.294085s (0m 00s)
     Speed:     ev/sec=1.22475e+07   simsec/sec=20063.9   ev/simsec=610.422
     Messages:  created: 2   present: 2   in FES: 1

<!> Simulation stopped with endSimulation() -- in module (ScheduledAccessQueue) DectScheduledAccessNetwork.queue (id=2), at t=5900.037896813453s, event #3601514

Calling finish() at end of Run #72...

Preparing for running configuration Phase5_Tail, run #73...
Scenario: $rho=0.127118644068, $repetition=3
Assigned runID=Phase5_Tail-73-20261001-21:25:32-68
Setting up network "dect2020scheduledaccess.DectScheduledAccessNetwork"...
Initializing...

Running simulation...
** Event #0   t=0   Elapsed: 2.2e-05s (0m 00s)
     Speed:     ev/sec=0   simsec/sec=0   ev/simsec=0
     Messages:  created: 2   present: 2   in FES: 2
** Event #3597634   t=5900.322978459878   Elapsed: 0.293658s (0m 00s)
     Speed:     ev/sec=1.22522e+07   simsec/sec=20094.3   ev/simsec=609.735
     Messages:  created: 2   present: 2   in FES: 1

<!> Simulation stopped with endSimulation() -- in module (ScheduledAccessQueue) DectScheduledAccessNetwork.queue (id=2), at t=5900.322978459878s, event #3597634

Calling finish() at end of Run #73...

Preparing for running configuration Phase5_Tail, run #74...
Scenario: $rho=0.127118644068, $repetition=4
Assigned runID=Phase5_Tail-74-20261001-21:25:32-68
Setting up network "dect2020scheduledaccess.DectScheduledAccessNetwork"...
Initializing...

Running simulation...
** Event #0   t=0   Elapsed: 5e-06s (0m 00s)
     Speed:     ev/sec=0   simsec/sec=0   ev/simsec=0
     Messages:  created: 2   present: 2   in FES: 2
** Event #3599457   t=5900.22082976631   Elapsed: 0.294146s (0m 00s)
     Speed:     ev/sec=1.22373e+07   simsec/sec=20059.4   ev/simsec=610.055
     Messages:  created: 2   present: 2   in FES: 1

<!> Simulation stopped with endSimulation() -- in module (ScheduledAccessQueue) DectScheduledAccessNetwork.queue (id=2), at t=5900.22082976631s, event #3599457

Calling finish() at end of Run #74...

Preparing for running configuration Phase5_Tail, run #75...
Scenario: $rho=0.127118644068, $repetition=5
Assigned runID=Phase5_Tail-75-20261001-21:25:32-68
Setting up network "dect2020scheduledaccess.DectScheduledAccessNetwork"...
Initializing...

Running simulation...
** Event #0   t=0   Elapsed: 2.3e-05s (0m 00s)
     Speed:     ev/sec=0   simsec/sec=0   ev/simsec=0
     Messages:  created: 2   present: 2   in FES: 2
** Event #3598581   t=5900.351371762204   Elapsed: 0.293967s (0m 00s)
     Speed:     ev/sec=1.22426e+07   simsec/sec=20073.4   ev/simsec=609.893
     Messages:  created: 2   present: 2   in FES: 1

<!> Simulation stopped with endSimulation() -- in module (ScheduledAccessQueue) DectScheduledAccessNetwork.queue (id=2), at t=5900.351371762204s, event #3598581

Calling finish() at end of Run #75...

Preparing for running configuration Phase5_Tail, run #76...
Scenario: $rho=0.127118644068, $repetition=6
Assigned runID=Phase5_Tail-76-20261001-21:25:33-68
Setting up network "dect2020scheduledaccess.DectScheduledAccessNetwork"...
Initializing...

Running simulation...
** Event #0   t=0   Elapsed: 6e-06s (0m 00s)
     Speed:     ev/sec=0   simsec/sec=0   ev/simsec=0
     Messages:  created: 2   present: 2   in FES: 2
** Event #3599718   t=5900.095970063146   Elapsed: 0.294124s (0m 00s)
     Speed:     ev/sec=1.22392e+07   simsec/sec=20060.5   ev/simsec=610.112
     Messages:  created: 2   present: 2   in FES: 1

<!> Simulation stopped with endSimulation() -- in module (ScheduledAccessQueue) DectScheduledAccessNetwork.queue (id=2), at t=5900.095970063146s, event #3599718

Calling finish() at end of Run #76...

Preparing for running configuration Phase5_Tail, run #77...
Scenario: $rho=0.127118644068, $repetition=7
Assigned runID=Phase5_Tail-77-20261001-21:25:33-68
Setting up network "dect2020scheduledaccess.DectScheduledAccessNetwork"...
Initializing...

Running simulation...
** Event #0   t=0   Elapsed: 2.2e-05s (0m 00s)
     Speed:     ev/sec=0   simsec/sec=0   ev/simsec=0
     Messages:  created: 2   present: 2   in FES: 2
** Event #3599114   t=5900.222408771449   Elapsed: 0.293697s (0m 00s)
     Speed:     ev/sec=1.22556e+07   simsec/sec=20091.3   ev/simsec=609.996
     Messages:  created: 2   present: 2   in FES: 1

<!> Simulation stopped with endSimulation() -- in module (ScheduledAccessQueue) DectScheduledAccessNetwork.queue (id=2), at t=5900.222408771449s, event #3599114

Calling finish() at end of Run #77...

Preparing for running configuration Phase5_Tail, run #78...
Scenario: $rho=0.127118644068, $repetition=8
Assigned runID=Phase5_Tail-78-20261001-21:25:33-68
Setting up network "dect2020scheduledaccess.DectScheduledAccessNetwork"...
Initializing...

Running simulation...
** Event #0   t=0   Elapsed: 6e-06s (0m 00s)
     Speed:     ev/sec=0   simsec/sec=0   ev/simsec=0
     Messages:  created: 2   present: 2   in FES: 2
** Event #3602326   t=5900.162304536062   Elapsed: 0.294352s (0m 00s)
     Speed:     ev/sec=1.22386e+07   simsec/sec=20045.3   ev/simsec=610.547
     Messages:  created: 2   present: 2   in FES: 1

<!> Simulation stopped with endSimulation() -- in module (ScheduledAccessQueue) DectScheduledAccessNetwork.queue (id=2), at t=5900.162304536062s, event #3602326

Calling finish() at end of Run #78...

Preparing for running configuration Phase5_Tail, run #79...
Scenario: $rho=0.127118644068, $repetition=9
Assigned runID=Phase5_Tail-79-20261001-21:25:34-68
Setting up network "dect2020scheduledaccess.DectScheduledAccessNetwork"...
Initializing...

Running simulation...
** Event #0   t=0   Elapsed: 5e-06s (0m 00s)
     Speed:     ev/sec=0   simsec/sec=0   ev/simsec=0
     Messages:  created: 2   present: 2   in FES: 2
** Event #3600809   t=5900.346078014864   Elapsed: 0.294168s (0m 00s)
     Speed:     ev/sec=1.2241e+07   simsec/sec=20058.3   ev/simsec=610.271
     Messages:  created: 2   present: 2   in FES: 1

<!> Simulation stopped with endSimulation() -- in module (ScheduledAccessQueue) DectScheduledAccessNetwork.queue (id=2), at t=5900.346078014864s, event #3600809

Calling finish() at end of Run #79...

Preparing for running configuration Phase5_Tail, run #80...
Scenario: $rho=0.169491525424, $repetition=0
Assigned runID=Phase5_Tail-80-20261001-21:25:34-68
Setting up network "dect2020scheduledaccess.DectScheduledAccessNetwork"...
Initializing...

Running simulation...
** Event #0   t=0   Elapsed: 2.2e-05s (0m 00s)
     Speed:     ev/sec=0   simsec/sec=0   ev/simsec=0
     Messages:  created: 2   present: 2   in FES: 2
** Event #4198019   t=5900.753429825511   Elapsed: 0.342072s (0m 00s)
     Speed:     ev/sec=1.22732e+07   simsec/sec=17251.3   ev/simsec=711.438
     Messages:  created: 2   present: 2   in FES: 1

<!> Simulation stopped with endSimulation() -- in module (ScheduledAccessQueue) DectScheduledAccessNetwork.queue (id=2), at t=5900.753429825511s, event #4198019

Calling finish() at end of Run #80...

Preparing for running configuration Phase5_Tail, run #81...
Scenario: $rho=0.169491525424, $repetition=1
Assigned runID=Phase5_Tail-81-20261001-21:25:35-68
Setting up network "dect2020scheduledaccess.DectScheduledAccessNetwork"...
Initializing...

Running simulation...
** Event #0   t=0   Elapsed: 2.3e-05s (0m 00s)
     Speed:     ev/sec=0   simsec/sec=0   ev/simsec=0
     Messages:  created: 2   present: 2   in FES: 2
** Event #4199316   t=5900.716008924266   Elapsed: 0.342403s (0m 00s)
     Speed:     ev/sec=1.22652e+07   simsec/sec=17234.6   ev/simsec=711.662
     Messages:  created: 2   present: 2   in FES: 1

<!> Simulation stopped with endSimulation() -- in module (ScheduledAccessQueue) DectScheduledAccessNetwork.queue (id=2), at t=5900.716008924266s, event #4199316

Calling finish() at end of Run #81...

Preparing for running configuration Phase5_Tail, run #82...
Scenario: $rho=0.169491525424, $repetition=2
Assigned runID=Phase5_Tail-82-20261001-21:25:35-68
Setting up network "dect2020scheduledaccess.DectScheduledAccessNetwork"...
Initializing...

Running simulation...
** Event #0   t=0   Elapsed: 2.7e-05s (0m 00s)
     Speed:     ev/sec=0   simsec/sec=0   ev/simsec=0
     Messages:  created: 2   present: 2   in FES: 2
** Event #4202057   t=5900.661104676793   Elapsed: 0.343401s (0m 00s)
     Speed:     ev/sec=1.22377e+07   simsec/sec=17184.6   ev/simsec=712.133
     Messages:  created: 2   present: 2   in FES: 1

<!> Simulation stopped with endSimulation() -- in module (ScheduledAccessQueue) DectScheduledAccessNetwork.queue (id=2), at t=5900.661104676793s, event #4202057

Calling finish() at end of Run #82...

Preparing for running configuration Phase5_Tail, run #83...
Scenario: $rho=0.169491525424, $repetition=3
Assigned runID=Phase5_Tail-83-20261001-21:25:35-68
Setting up network "dect2020scheduledaccess.DectScheduledAccessNetwork"...
Initializing...

Running simulation...
** Event #0   t=0   Elapsed: 2.4e-05s (0m 00s)
     Speed:     ev/sec=0   simsec/sec=0   ev/simsec=0
     Messages:  created: 2   present: 2   in FES: 2
** Event #4196714   t=5900.611919391891   Elapsed: 0.34258s (0m 00s)
     Speed:     ev/sec=1.22513e+07   simsec/sec=17225.4   ev/simsec=711.234
     Messages:  created: 2   present: 2   in FES: 1

<!> Simulation stopped with endSimulation() -- in module (ScheduledAccessQueue) DectScheduledAccessNetwork.queue (id=2), at t=5900.611919391891s, event #4196714

Calling finish() at end of Run #83...

Preparing for running configuration Phase5_Tail, run #84...
Scenario: $rho=0.169491525424, $repetition=4
Assigned runID=Phase5_Tail-84-20261001-21:25:36-68
Setting up network "dect2020scheduledaccess.DectScheduledAccessNetwork"...
Initializing...

Running simulation...
** Event #0   t=0   Elapsed: 5e-06s (0m 00s)
     Speed:     ev/sec=0   simsec/sec=0   ev/simsec=0
     Messages:  created: 2   present: 2   in FES: 2
** Event #4201293   t=5900.717329489105   Elapsed: 0.342518s (0m 00s)
     Speed:     ev/sec=1.22662e+07   simsec/sec=17227.9   ev/simsec=711.997
     Messages:  created: 2   present: 2   in FES: 1

<!> Simulation stopped with endSimulation() -- in module (ScheduledAccessQueue) DectScheduledAccessNetwork.queue (id=2), at t=5900.717329489105s, event #4201293

Calling finish() at end of Run #84...

Preparing for running configuration Phase5_Tail, run #85...
Scenario: $rho=0.169491525424, $repetition=5
Assigned runID=Phase5_Tail-85-20261001-21:25:36-68
Setting up network "dect2020scheduledaccess.DectScheduledAccessNetwork"...
Initializing...

Running simulation...
** Event #0   t=0   Elapsed: 6e-06s (0m 00s)
     Speed:     ev/sec=0   simsec/sec=0   ev/simsec=0
     Messages:  created: 2   present: 2   in FES: 2
** Event #4199362   t=5900.642849792942   Elapsed: 0.343516s (0m 00s)
     Speed:     ev/sec=1.2225e+07   simsec/sec=17177.7   ev/simsec=711.679
     Messages:  created: 2   present: 2   in FES: 1

<!> Simulation stopped with endSimulation() -- in module (ScheduledAccessQueue) DectScheduledAccessNetwork.queue (id=2), at t=5900.642849792942s, event #4199362

Calling finish() at end of Run #85...

Preparing for running configuration Phase5_Tail, run #86...
Scenario: $rho=0.169491525424, $repetition=6
Assigned runID=Phase5_Tail-86-20261001-21:25:37-68
Setting up network "dect2020scheduledaccess.DectScheduledAccessNetwork"...
Initializing...

Running simulation...
** Event #0   t=0   Elapsed: 5e-06s (0m 00s)
     Speed:     ev/sec=0   simsec/sec=0   ev/simsec=0
     Messages:  created: 2   present: 2   in FES: 2
** Event #4201658   t=5900.524401459403   Elapsed: 0.343271s (0m 00s)
     Speed:     ev/sec=1.22405e+07   simsec/sec=17189.7   ev/simsec=712.082
     Messages:  created: 2   present: 2   in FES: 1

<!> Simulation stopped with endSimulation() -- in module (ScheduledAccessQueue) DectScheduledAccessNetwork.queue (id=2), at t=5900.524401459403s, event #4201658

Calling finish() at end of Run #86...

Preparing for running configuration Phase5_Tail, run #87...
Scenario: $rho=0.169491525424, $repetition=7
Assigned runID=Phase5_Tail-87-20261001-21:25:37-68
Setting up network "dect2020scheduledaccess.DectScheduledAccessNetwork"...
Initializing...

Running simulation...
** Event #0   t=0   Elapsed: 2.2e-05s (0m 00s)
     Speed:     ev/sec=0   simsec/sec=0   ev/simsec=0
     Messages:  created: 2   present: 2   in FES: 2
** Event #4199779   t=5900.962355095937   Elapsed: 0.342371s (0m 00s)
     Speed:     ev/sec=1.22677e+07   simsec/sec=17236.9   ev/simsec=711.711
     Messages:  created: 2   present: 2   in FES: 1

<!> Simulation stopped with endSimulation() -- in module (ScheduledAccessQueue) DectScheduledAccessNetwork.queue (id=2), at t=5900.962355095937s, event #4199779

Calling finish() at end of Run #87...

Preparing for running configuration Phase5_Tail, run #88...
Scenario: $rho=0.169491525424, $repetition=8
Assigned runID=Phase5_Tail-88-20261001-21:25:38-68
Setting up network "dect2020scheduledaccess.DectScheduledAccessNetwork"...
Initializing...

Running simulation...
** Event #0   t=0   Elapsed: 2.2e-05s (0m 00s)
     Speed:     ev/sec=0   simsec/sec=0   ev/simsec=0
     Messages:  created: 2   present: 2   in FES: 2
** Event #4202633   t=5899.547972226048   Elapsed: 0.344287s (0m 00s)
     Speed:     ev/sec=1.22077e+07   simsec/sec=17136.9   ev/simsec=712.365
     Messages:  created: 2   present: 2   in FES: 1

<!> Simulation stopped with endSimulation() -- in module (ScheduledAccessQueue) DectScheduledAccessNetwork.queue (id=2), at t=5899.547972226048s, event #4202633

Calling finish() at end of Run #88...

Preparing for running configuration Phase5_Tail, run #89...
Scenario: $rho=0.169491525424, $repetition=9
Assigned runID=Phase5_Tail-89-20261001-21:25:38-68
Setting up network "dect2020scheduledaccess.DectScheduledAccessNetwork"...
Initializing...

Running simulation...
** Event #0   t=0   Elapsed: 2.2e-05s (0m 00s)
     Speed:     ev/sec=0   simsec/sec=0   ev/simsec=0
     Messages:  created: 2   present: 2   in FES: 2
** Event #4199520   t=5900.166480215131   Elapsed: 0.342133s (0m 00s)
     Speed:     ev/sec=1.22755e+07   simsec/sec=17246.6   ev/simsec=711.763
     Messages:  created: 2   present: 2   in FES: 1

<!> Simulation stopped with endSimulation() -- in module (ScheduledAccessQueue) DectScheduledAccessNetwork.queue (id=2), at t=5900.166480215131s, event #4199520

Calling finish() at end of Run #89...

Preparing for running configuration Phase5_Tail, run #90...
Scenario: $rho=0.423728813559, $repetition=0
Assigned runID=Phase5_Tail-90-20261001-21:25:38-68
Setting up network "dect2020scheduledaccess.DectScheduledAccessNetwork"...
Initializing...

Running simulation...
** Event #0   t=0   Elapsed: 2.5e-05s (0m 00s)
     Speed:     ev/sec=0   simsec/sec=0   ev/simsec=0
     Messages:  created: 2   present: 2   in FES: 2
** Event #7798546   t=5900.588794988348   Elapsed: 0.638577s (0m 00s)
     Speed:     ev/sec=1.2213e+07   simsec/sec=9240.65   ev/simsec=1321.66
     Messages:  created: 2   present: 2   in FES: 1

<!> Simulation stopped with endSimulation() -- in module (ScheduledAccessQueue) DectScheduledAccessNetwork.queue (id=2), at t=5900.588794988348s, event #7798546

Calling finish() at end of Run #90...

Preparing for running configuration Phase5_Tail, run #91...
Scenario: $rho=0.423728813559, $repetition=1
Assigned runID=Phase5_Tail-91-20261001-21:25:39-68
Setting up network "dect2020scheduledaccess.DectScheduledAccessNetwork"...
Initializing...

Running simulation...
** Event #0   t=0   Elapsed: 2.7e-05s (0m 00s)
     Speed:     ev/sec=0   simsec/sec=0   ev/simsec=0
     Messages:  created: 2   present: 2   in FES: 2
** Event #7799030   t=5899.823964112358   Elapsed: 0.660144s (0m 00s)
     Speed:     ev/sec=1.18147e+07   simsec/sec=8937.61   ev/simsec=1321.91
     Messages:  created: 2   present: 2   in FES: 1

<!> Simulation stopped with endSimulation() -- in module (ScheduledAccessQueue) DectScheduledAccessNetwork.queue (id=2), at t=5899.823964112358s, event #7799030

Calling finish() at end of Run #91...

Preparing for running configuration Phase5_Tail, run #92...
Scenario: $rho=0.423728813559, $repetition=2
Assigned runID=Phase5_Tail-92-20261001-21:25:40-68
Setting up network "dect2020scheduledaccess.DectScheduledAccessNetwork"...
Initializing...

Running simulation...
** Event #0   t=0   Elapsed: 5e-06s (0m 00s)
     Speed:     ev/sec=0   simsec/sec=0   ev/simsec=0
     Messages:  created: 2   present: 2   in FES: 2
** Event #7798973   t=5900.891908006252   Elapsed: 0.637576s (0m 00s)
     Speed:     ev/sec=1.22324e+07   simsec/sec=9255.33   ev/simsec=1321.66
     Messages:  created: 2   present: 2   in FES: 1

<!> Simulation stopped with endSimulation() -- in module (ScheduledAccessQueue) DectScheduledAccessNetwork.queue (id=2), at t=5900.891908006252s, event #7798973

Calling finish() at end of Run #92...

Preparing for running configuration Phase5_Tail, run #93...
Scenario: $rho=0.423728813559, $repetition=3
Assigned runID=Phase5_Tail-93-20261001-21:25:41-68
Setting up network "dect2020scheduledaccess.DectScheduledAccessNetwork"...
Initializing...

Running simulation...
** Event #0   t=0   Elapsed: 5e-06s (0m 00s)
     Speed:     ev/sec=0   simsec/sec=0   ev/simsec=0
     Messages:  created: 2   present: 2   in FES: 2
** Event #7796014   t=5900.114698498246   Elapsed: 0.636635s (0m 00s)
     Speed:     ev/sec=1.22459e+07   simsec/sec=9267.82   ev/simsec=1321.33
     Messages:  created: 2   present: 2   in FES: 1

<!> Simulation stopped with endSimulation() -- in module (ScheduledAccessQueue) DectScheduledAccessNetwork.queue (id=2), at t=5900.114698498246s, event #7796014

Calling finish() at end of Run #93...

Preparing for running configuration Phase5_Tail, run #94...
Scenario: $rho=0.423728813559, $repetition=4
Assigned runID=Phase5_Tail-94-20261001-21:25:41-68
Setting up network "dect2020scheduledaccess.DectScheduledAccessNetwork"...
Initializing...

Running simulation...
** Event #0   t=0   Elapsed: 1.8e-05s (0m 00s)
     Speed:     ev/sec=0   simsec/sec=0   ev/simsec=0
     Messages:  created: 2   present: 2   in FES: 2
** Event #7801203   t=5900.027014948347   Elapsed: 0.638312s (0m 00s)
     Speed:     ev/sec=1.2222e+07   simsec/sec=9243.49   ev/simsec=1322.23
     Messages:  created: 2   present: 2   in FES: 1

<!> Simulation stopped with endSimulation() -- in module (ScheduledAccessQueue) DectScheduledAccessNetwork.queue (id=2), at t=5900.027014948347s, event #7801203

Calling finish() at end of Run #94...

Preparing for running configuration Phase5_Tail, run #95...
Scenario: $rho=0.423728813559, $repetition=5
Assigned runID=Phase5_Tail-95-20261001-21:25:42-68
Setting up network "dect2020scheduledaccess.DectScheduledAccessNetwork"...
Initializing...

Running simulation...
** Event #0   t=0   Elapsed: 2.3e-05s (0m 00s)
     Speed:     ev/sec=0   simsec/sec=0   ev/simsec=0
     Messages:  created: 2   present: 2   in FES: 2
** Event #7799834   t=5900.722657896469   Elapsed: 0.634092s (0m 00s)
     Speed:     ev/sec=1.23013e+07   simsec/sec=9306.19   ev/simsec=1321.84
     Messages:  created: 2   present: 2   in FES: 1

<!> Simulation stopped with endSimulation() -- in module (ScheduledAccessQueue) DectScheduledAccessNetwork.queue (id=2), at t=5900.722657896469s, event #7799834

Calling finish() at end of Run #95...

Preparing for running configuration Phase5_Tail, run #96...
Scenario: $rho=0.423728813559, $repetition=6
Assigned runID=Phase5_Tail-96-20261001-21:25:43-68
Setting up network "dect2020scheduledaccess.DectScheduledAccessNetwork"...
Initializing...

Running simulation...
** Event #0   t=0   Elapsed: 5e-06s (0m 00s)
     Speed:     ev/sec=0   simsec/sec=0   ev/simsec=0
     Messages:  created: 2   present: 2   in FES: 2
** Event #7797778   t=5900.319999520182   Elapsed: 0.640646s (0m 00s)
     Speed:     ev/sec=1.21719e+07   simsec/sec=9210.08   ev/simsec=1321.59
     Messages:  created: 2   present: 2   in FES: 1

<!> Simulation stopped with endSimulation() -- in module (ScheduledAccessQueue) DectScheduledAccessNetwork.queue (id=2), at t=5900.319999520182s, event #7797778

Calling finish() at end of Run #96...

Preparing for running configuration Phase5_Tail, run #97...
Scenario: $rho=0.423728813559, $repetition=7
Assigned runID=Phase5_Tail-97-20261001-21:25:43-68
Setting up network "dect2020scheduledaccess.DectScheduledAccessNetwork"...
Initializing...

Running simulation...
** Event #0   t=0   Elapsed: 2.6e-05s (0m 00s)
     Speed:     ev/sec=0   simsec/sec=0   ev/simsec=0
     Messages:  created: 2   present: 2   in FES: 2
** Event #7799222   t=5900.733721973346   Elapsed: 0.639511s (0m 00s)
     Speed:     ev/sec=1.21962e+07   simsec/sec=9227.38   ev/simsec=1321.74
     Messages:  created: 2   present: 2   in FES: 1

<!> Simulation stopped with endSimulation() -- in module (ScheduledAccessQueue) DectScheduledAccessNetwork.queue (id=2), at t=5900.733721973346s, event #7799222

Calling finish() at end of Run #97...

Preparing for running configuration Phase5_Tail, run #98...
Scenario: $rho=0.423728813559, $repetition=8
Assigned runID=Phase5_Tail-98-20261001-21:25:44-68
Setting up network "dect2020scheduledaccess.DectScheduledAccessNetwork"...
Initializing...

Running simulation...
** Event #0   t=0   Elapsed: 2.6e-05s (0m 00s)
     Speed:     ev/sec=0   simsec/sec=0   ev/simsec=0
     Messages:  created: 2   present: 2   in FES: 2
** Event #7805753   t=5900.52556008966   Elapsed: 0.638399s (0m 00s)
     Speed:     ev/sec=1.22277e+07   simsec/sec=9243.13   ev/simsec=1322.89
     Messages:  created: 2   present: 2   in FES: 1

<!> Simulation stopped with endSimulation() -- in module (ScheduledAccessQueue) DectScheduledAccessNetwork.queue (id=2), at t=5900.52556008966s, event #7805753

Calling finish() at end of Run #98...

Preparing for running configuration Phase5_Tail, run #99...
Scenario: $rho=0.423728813559, $repetition=9
Assigned runID=Phase5_Tail-99-20261001-21:25:45-68
Setting up network "dect2020scheduledaccess.DectScheduledAccessNetwork"...
Initializing...

Running simulation...
** Event #0   t=0   Elapsed: 2.7e-05s (0m 00s)
     Speed:     ev/sec=0   simsec/sec=0   ev/simsec=0
     Messages:  created: 2   present: 2   in FES: 2
** Event #7799466   t=5900.231860484355   Elapsed: 0.637793s (0m 00s)
     Speed:     ev/sec=1.22294e+07   simsec/sec=9251.45   ev/simsec=1321.89
     Messages:  created: 2   present: 2   in FES: 1

<!> Simulation stopped with endSimulation() -- in module (ScheduledAccessQueue) DectScheduledAccessNetwork.queue (id=2), at t=5900.231860484355s, event #7799466

Calling finish() at end of Run #99...

Run statistics: total 100, successful 100

End.
